Archive member included to satisfy reference by file (symbol)

c:/ac6/systemworkbench/plugins/fr.ac6.mcu.externaltools.arm-none.win32_1.16.0.201807130628/tools/compiler/bin/../lib/gcc/arm-none-eabi/7.2.1/../../../../arm-none-eabi/lib/thumb/v7-m\libc_nano.a(lib_a-atoi.o)
                              Src/data_separate.o (atoi)
c:/ac6/systemworkbench/plugins/fr.ac6.mcu.externaltools.arm-none.win32_1.16.0.201807130628/tools/compiler/bin/../lib/gcc/arm-none-eabi/7.2.1/../../../../arm-none-eabi/lib/thumb/v7-m\libc_nano.a(lib_a-exit.o)
                              c:/ac6/systemworkbench/plugins/fr.ac6.mcu.externaltools.arm-none.win32_1.16.0.201807130628/tools/compiler/bin/../lib/gcc/arm-none-eabi/7.2.1/../../../../arm-none-eabi/lib/thumb/v7-m/crt0.o (exit)
c:/ac6/systemworkbench/plugins/fr.ac6.mcu.externaltools.arm-none.win32_1.16.0.201807130628/tools/compiler/bin/../lib/gcc/arm-none-eabi/7.2.1/../../../../arm-none-eabi/lib/thumb/v7-m\libc_nano.a(lib_a-impure.o)
                              c:/ac6/systemworkbench/plugins/fr.ac6.mcu.externaltools.arm-none.win32_1.16.0.201807130628/tools/compiler/bin/../lib/gcc/arm-none-eabi/7.2.1/../../../../arm-none-eabi/lib/thumb/v7-m\libc_nano.a(lib_a-exit.o) (_global_impure_ptr)
c:/ac6/systemworkbench/plugins/fr.ac6.mcu.externaltools.arm-none.win32_1.16.0.201807130628/tools/compiler/bin/../lib/gcc/arm-none-eabi/7.2.1/../../../../arm-none-eabi/lib/thumb/v7-m\libc_nano.a(lib_a-init.o)
                              c:/ac6/systemworkbench/plugins/fr.ac6.mcu.externaltools.arm-none.win32_1.16.0.201807130628/tools/compiler/bin/../lib/gcc/arm-none-eabi/7.2.1/../../../../arm-none-eabi/lib/thumb/v7-m/crt0.o (__libc_init_array)
c:/ac6/systemworkbench/plugins/fr.ac6.mcu.externaltools.arm-none.win32_1.16.0.201807130628/tools/compiler/bin/../lib/gcc/arm-none-eabi/7.2.1/../../../../arm-none-eabi/lib/thumb/v7-m\libc_nano.a(lib_a-itoa.o)
                              Src/hc06.o (itoa)
c:/ac6/systemworkbench/plugins/fr.ac6.mcu.externaltools.arm-none.win32_1.16.0.201807130628/tools/compiler/bin/../lib/gcc/arm-none-eabi/7.2.1/../../../../arm-none-eabi/lib/thumb/v7-m\libc_nano.a(lib_a-memcpy-stub.o)
                              Src/hc06.o (memcpy)
c:/ac6/systemworkbench/plugins/fr.ac6.mcu.externaltools.arm-none.win32_1.16.0.201807130628/tools/compiler/bin/../lib/gcc/arm-none-eabi/7.2.1/../../../../arm-none-eabi/lib/thumb/v7-m\libc_nano.a(lib_a-memset.o)
                              c:/ac6/systemworkbench/plugins/fr.ac6.mcu.externaltools.arm-none.win32_1.16.0.201807130628/tools/compiler/bin/../lib/gcc/arm-none-eabi/7.2.1/../../../../arm-none-eabi/lib/thumb/v7-m/crt0.o (memset)
c:/ac6/systemworkbench/plugins/fr.ac6.mcu.externaltools.arm-none.win32_1.16.0.201807130628/tools/compiler/bin/../lib/gcc/arm-none-eabi/7.2.1/../../../../arm-none-eabi/lib/thumb/v7-m\libc_nano.a(lib_a-strcmp.o)
                              Src/mode.o (strcmp)
c:/ac6/systemworkbench/plugins/fr.ac6.mcu.externaltools.arm-none.win32_1.16.0.201807130628/tools/compiler/bin/../lib/gcc/arm-none-eabi/7.2.1/../../../../arm-none-eabi/lib/thumb/v7-m\libc_nano.a(lib_a-strlen.o)
                              Src/data_separate.o (strlen)
c:/ac6/systemworkbench/plugins/fr.ac6.mcu.externaltools.arm-none.win32_1.16.0.201807130628/tools/compiler/bin/../lib/gcc/arm-none-eabi/7.2.1/../../../../arm-none-eabi/lib/thumb/v7-m\libc_nano.a(lib_a-strtok.o)
                              Src/data_separate.o (strtok)
c:/ac6/systemworkbench/plugins/fr.ac6.mcu.externaltools.arm-none.win32_1.16.0.201807130628/tools/compiler/bin/../lib/gcc/arm-none-eabi/7.2.1/../../../../arm-none-eabi/lib/thumb/v7-m\libc_nano.a(lib_a-strtok_r.o)
                              c:/ac6/systemworkbench/plugins/fr.ac6.mcu.externaltools.arm-none.win32_1.16.0.201807130628/tools/compiler/bin/../lib/gcc/arm-none-eabi/7.2.1/../../../../arm-none-eabi/lib/thumb/v7-m\libc_nano.a(lib_a-strtok.o) (__strtok_r)
c:/ac6/systemworkbench/plugins/fr.ac6.mcu.externaltools.arm-none.win32_1.16.0.201807130628/tools/compiler/bin/../lib/gcc/arm-none-eabi/7.2.1/../../../../arm-none-eabi/lib/thumb/v7-m\libc_nano.a(lib_a-strtol.o)
                              c:/ac6/systemworkbench/plugins/fr.ac6.mcu.externaltools.arm-none.win32_1.16.0.201807130628/tools/compiler/bin/../lib/gcc/arm-none-eabi/7.2.1/../../../../arm-none-eabi/lib/thumb/v7-m\libc_nano.a(lib_a-atoi.o) (_strtol_r)
c:/ac6/systemworkbench/plugins/fr.ac6.mcu.externaltools.arm-none.win32_1.16.0.201807130628/tools/compiler/bin/../lib/gcc/arm-none-eabi/7.2.1/../../../../arm-none-eabi/lib/thumb/v7-m\libc_nano.a(lib_a-utoa.o)
                              c:/ac6/systemworkbench/plugins/fr.ac6.mcu.externaltools.arm-none.win32_1.16.0.201807130628/tools/compiler/bin/../lib/gcc/arm-none-eabi/7.2.1/../../../../arm-none-eabi/lib/thumb/v7-m\libc_nano.a(lib_a-itoa.o) (__utoa)
[...]
Memory Configuration

Name             Origin             Length             Attributes
RAM              0x20000000         0x00005000         xrw
FLASH            0x08000000         0x00010000         xr
*default*        0x00000000         0xffffffff

Linker script and memory map

LOAD c:/ac6/systemworkbench/plugins/fr.ac6.mcu.externaltools.arm-none.win32_1.16.0.201807130628/tools/compiler/bin/../lib/gcc/arm-none-eabi/7.2.1/thumb/v7-m/crti.o
LOAD c:/ac6/systemworkbench/plugins/fr.ac6.mcu.externaltools.arm-none.win32_1.16.0.201807130628/tools/compiler/bin/../lib/gcc/arm-none-eabi/7.2.1/thumb/v7-m/crtbegin.o
LOAD c:/ac6/systemworkbench/plugins/fr.ac6.mcu.externaltools.arm-none.win32_1.16.0.201807130628/tools/compiler/bin/../lib/gcc/arm-none-eabi/7.2.1/../../../../arm-none-eabi/lib/thumb/v7-m/crt0.o
LOAD Drivers/STM32F1xx_HAL_Driver/Src/stm32f1xx_hal.o
LOAD Drivers/STM32F1xx_HAL_Driver/Src/stm32f1xx_hal_cortex.o
LOAD Drivers/STM32F1xx_HAL_Driver/Src/stm32f1xx_hal_dma.o
LOAD Drivers/STM32F1xx_HAL_Driver/Src/stm32f1xx_hal_flash.o
LOAD Drivers/STM32F1xx_HAL_Driver/Src/stm32f1xx_hal_flash_ex.o
LOAD Drivers/STM32F1xx_HAL_Driver/Src/stm32f1xx_hal_gpio.o
LOAD Drivers/STM32F1xx_HAL_Driver/Src/stm32f1xx_hal_gpio_ex.o
LOAD Drivers/STM32F1xx_HAL_Driver/Src/stm32f1xx_hal_i2c.o
LOAD Drivers/STM32F1xx_HAL_Driver/Src/stm32f1xx_hal_pcd.o
LOAD Drivers/STM32F1xx_HAL_Driver/Src/stm32f1xx_hal_pcd_ex.o
LOAD Drivers/STM32F1xx_HAL_Driver/Src/stm32f1xx_hal_pwr.o
LOAD Drivers/STM32F1xx_HAL_Driver/Src/stm32f1xx_hal_rcc.o
LOAD Drivers/STM32F1xx_HAL_Driver/Src/stm32f1xx_hal_rcc_ex.o
LOAD Drivers/STM32F1xx_HAL_Driver/Src/stm32f1xx_hal_tim.o
LOAD Drivers/STM32F1xx_HAL_Driver/Src/stm32f1xx_hal_tim_ex.o
LOAD Drivers/STM32F1xx_HAL_Driver/Src/stm32f1xx_hal_uart.o
LOAD Drivers/STM32F1xx_HAL_Driver/Src/stm32f1xx_ll_usb.o
LOAD Src/buttons.o
LOAD Src/data_separate.o
LOAD Src/dma.o
LOAD Src/eeprom24xx.o
LOAD Src/gpio.o
LOAD Src/hc06.o
LOAD Src/i2c-lcd.o
LOAD Src/i2c.o
LOAD Src/lcd_messages.o
LOAD Src/main.o
LOAD Src/mode.o
LOAD Src/stm32f1xx_hal_msp.o
LOAD Src/stm32f1xx_it.o
LOAD Src/system_stm32f1xx.o
LOAD Src/usart.o
LOAD Src/usb.o
LOAD startup/startup_stm32f103xb.o
LOAD c:/ac6/systemworkbench/plugins/fr.ac6.mcu.externaltools.arm-none.win32_1.16.0.201807130628/tools/compiler/bin/../lib/gcc/arm-none-eabi/7.2.1/../../../../arm-none-eabi/lib/thumb/v7-m\libm.a
START GROUP
LOAD c:/ac6/systemworkbench/plugins/fr.ac6.mcu.externaltools.arm-none.win32_1.16.0.201807130628/tools/compiler/bin/../lib/gcc/arm-none-eabi/7.2.1/thumb/v7-m\libgcc.a
LOAD c:/ac6/systemworkbench/plugins/fr.ac6.mcu.externaltools.arm-none.win32_1.16.0.201807130628/tools/compiler/bin/../lib/gcc/arm-none-eabi/7.2.1/../../../../arm-none-eabi/lib/thumb/v7-m\libc_nano.a
END GROUP
START GROUP
LOAD c:/ac6/systemworkbench/plugins/fr.ac6.mcu.externaltools.arm-none.win32_1.16.0.201807130628/tools/compiler/bin/../lib/gcc/arm-none-eabi/7.2.1/thumb/v7-m\libgcc.a
LOAD c:/ac6/systemworkbench/plugins/fr.ac6.mcu.externaltools.arm-none.win32_1.16.0.201807130628/tools/compiler/bin/../lib/gcc/arm-none-eabi/7.2.1/../../../../arm-none-eabi/lib/thumb/v7-m\libc_nano.a
LOAD c:/ac6/systemworkbench/plugins/fr.ac6.mcu.externaltools.arm-none.win32_1.16.0.201807130628/tools/compiler/bin/../lib/gcc/arm-none-eabi/7.2.1/../../../../arm-none-eabi/lib/thumb/v7-m\libnosys.a
END GROUP
START GROUP
LOAD c:/ac6/systemworkbench/plugins/fr.ac6.mcu.externaltools.arm-none.win32_1.16.0.201807130628/tools/compiler/bin/../lib/gcc/arm-none-eabi/7.2.1/thumb/v7-m\libgcc.a
LOAD c:/ac6/systemworkbench/plugins/fr.ac6.mcu.externaltools.arm-none.win32_1.16.0.201807130628/tools/compiler/bin/../lib/gcc/arm-none-eabi/7.2.1/../../../../arm-none-eabi/lib/thumb/v7-m\libc_nano.a
LOAD c:/ac6/systemworkbench/plugins/fr.ac6.mcu.externaltools.arm-none.win32_1.16.0.201807130628/tools/compiler/bin/../lib/gcc/arm-none-eabi/7.2.1/../../../../arm-none-eabi/lib/thumb/v7-m\libnosys.a
END GROUP
LOAD c:/ac6/systemworkbench/plugins/fr.ac6.mcu.externaltools.arm-none.win32_1.16.0.201807130628/tools/compiler/bin/../lib/gcc/arm-none-eabi/7.2.1/thumb/v7-m/crtend.o
LOAD c:/ac6/systemworkbench/plugins/fr.ac6.mcu.externaltools.arm-none.win32_1.16.0.201807130628/tools/compiler/bin/../lib/gcc/arm-none-eabi/7.2.1/thumb/v7-m/crtn.o
                0x20005000                _estack = 0x20005000
                0x00000200                _Min_Heap_Size = 0x200
                0x00000400                _Min_Stack_Size = 0x400

.isr_vector     0x08000000      0x10c
                0x08000000                . = ALIGN (0x4)
 *(.isr_vector)
 .isr_vector    0x08000000      0x10c startup/startup_stm32f103xb.o
                0x08000000                g_pfnVectors
                0x0800010c                . = ALIGN (0x4)

.text           0x0800010c     0x38b8
                0x0800010c                . = ALIGN (0x4)
 *(.text)
 .text          0x0800010c       0x40 c:/ac6/systemworkbench/plugins/fr.ac6.mcu.externaltools.arm-none.win32_1.16.0.201807130628/tools/compiler/bin/../lib/gcc/arm-none-eabi/7.2.1/thumb/v7-m/crtbegin.o
 .text          0x0800014c       0x10 c:/ac6/systemworkbench/plugins/fr.ac6.mcu.externaltools.arm-none.win32_1.16.0.201807130628/tools/compiler/bin/../lib/gcc/arm-none-eabi/7.2.1/../../../../arm-none-eabi/lib/thumb/v7-m\libc_nano.a(lib_a-strlen.o)
                0x0800014c                strlen
 *(.text*)
 .text.HAL_InitTick
                0x0800015c       0x48 Drivers/STM32F1xx_HAL_Driver/Src/stm32f1xx_hal.o
                0x0800015c                HAL_InitTick
 .text.HAL_Init
                0x080001a4       0x24 Drivers/STM32F1xx_HAL_Driver/Src/stm32f1xx_hal.o
                0x080001a4                HAL_Init
 .text.HAL_IncTick
                0x080001c8       0x18 Drivers/STM32F1xx_HAL_Driver/Src/stm32f1xx_hal.o
                0x080001c8                HAL_IncTick
 .text.HAL_GetTick
                0x080001e0        0xc Drivers/STM32F1xx_HAL_Driver/Src/stm32f1xx_hal.o
                0x080001e0                HAL_GetTick
 .text.HAL_Delay
                0x080001ec       0x28 Drivers/STM32F1xx_HAL_Driver/Src/stm32f1xx_hal.o
                0x080001ec                HAL_Delay
 .text.HAL_NVIC_SetPriorityGrouping
                0x08000214       0x3c Drivers/STM32F1xx_HAL_Driver/Src/stm32f1xx_hal_cortex.o
                0x08000214                HAL_NVIC_SetPriorityGrouping
 .text.HAL_NVIC_SetPriority
                0x08000250       0x8c Drivers/STM32F1xx_HAL_Driver/Src/stm32f1xx_hal_cortex.o
                0x08000250                HAL_NVIC_SetPriority
 .text.HAL_NVIC_EnableIRQ
                0x080002dc       0x2c Drivers/STM32F1xx_HAL_Driver/Src/stm32f1xx_hal_cortex.o
                0x080002dc                HAL_NVIC_EnableIRQ
 .text.HAL_SYSTICK_Config
                0x08000308       0x2c Drivers/STM32F1xx_HAL_Driver/Src/stm32f1xx_hal_cortex.o
                0x08000308                HAL_SYSTICK_Config
 .text.HAL_SYSTICK_CLKSourceConfig
                0x08000334       0x3c Drivers/STM32F1xx_HAL_Driver/Src/stm32f1xx_hal_cortex.o
                0x08000334                HAL_SYSTICK_CLKSourceConfig
 .text.HAL_SYSTICK_Callback
                0x08000370        0x2 Drivers/STM32F1xx_HAL_Driver/Src/stm32f1xx_hal_cortex.o
                0x08000370                HAL_SYSTICK_Callback
 .text.HAL_SYSTICK_IRQHandler
                0x08000372        0x8 Drivers/STM32F1xx_HAL_Driver/Src/stm32f1xx_hal_cortex.o
                0x08000372                HAL_SYSTICK_IRQHandler
 *fill*         0x0800037a        0x2 
 .text.HAL_DMA_Init
                0x0800037c      0x158 Drivers/STM32F1xx_HAL_Driver/Src/stm32f1xx_hal_dma.o
                0x0800037c                HAL_DMA_Init
 .text.HAL_DMA_Abort_IT
                0x080004d4       0x98 Drivers/STM32F1xx_HAL_Driver/Src/stm32f1xx_hal_dma.o
                0x080004d4                HAL_DMA_Abort_IT
 .text.HAL_DMA_IRQHandler
                0x0800056c      0x144 Drivers/STM32F1xx_HAL_Driver/Src/stm32f1xx_hal_dma.o
                0x0800056c                HAL_DMA_IRQHandler
 .text.HAL_GPIO_Init
                0x080006b0      0x31c Drivers/STM32F1xx_HAL_Driver/Src/stm32f1xx_hal_gpio.o
                0x080006b0                HAL_GPIO_Init
 .text.HAL_GPIO_WritePin
                0x080009cc       0x38 Drivers/STM32F1xx_HAL_Driver/Src/stm32f1xx_hal_gpio.o
                0x080009cc                HAL_GPIO_WritePin
 .text.I2C_Master_SB
                0x08000a04       0x8a Drivers/STM32F1xx_HAL_Driver/Src/stm32f1xx_hal_i2c.o
 .text.I2C_Master_ADD10
                0x08000a8e        0xc Drivers/STM32F1xx_HAL_Driver/Src/stm32f1xx_hal_i2c.o
 .text.I2C_Master_ADDR
                0x08000a9a      0x1da Drivers/STM32F1xx_HAL_Driver/Src/stm32f1xx_hal_i2c.o
 .text.I2C_SlaveTransmit_BTF
                0x08000c74       0x1e Drivers/STM32F1xx_HAL_Driver/Src/stm32f1xx_hal_i2c.o
 .text.I2C_SlaveReceive_BTF
                0x08000c92       0x1e Drivers/STM32F1xx_HAL_Driver/Src/stm32f1xx_hal_i2c.o
 .text.I2C_IsAcknowledgeFailed
                0x08000cb0       0x2a Drivers/STM32F1xx_HAL_Driver/Src/stm32f1xx_hal_i2c.o
 .text.I2C_WaitOnFlagUntilTimeout
                0x08000cda       0x68 Drivers/STM32F1xx_HAL_Driver/Src/stm32f1xx_hal_i2c.o
 .text.I2C_WaitOnMasterAddressFlagUntilTimeout
                0x08000d42       0x90 Drivers/STM32F1xx_HAL_Driver/Src/stm32f1xx_hal_i2c.o
 *fill*         0x08000dd2        0x2 
 .text.I2C_MasterRequestWrite
                0x08000dd4       0xbc Drivers/STM32F1xx_HAL_Driver/Src/stm32f1xx_hal_i2c.o
 .text.I2C_WaitOnTXEFlagUntilTimeout
                0x08000e90       0x4e Drivers/STM32F1xx_HAL_Driver/Src/stm32f1xx_hal_i2c.o
 .text.I2C_WaitOnBTFFlagUntilTimeout
                0x08000ede       0x4e Drivers/STM32F1xx_HAL_Driver/Src/stm32f1xx_hal_i2c.o
 .text.HAL_I2C_Init
                0x08000f2c      0x23c Drivers/STM32F1xx_HAL_Driver/Src/stm32f1xx_hal_i2c.o
                0x08000f2c                HAL_I2C_Init
 .text.HAL_I2C_Master_Transmit
                0x08001168      0x184 Drivers/STM32F1xx_HAL_Driver/Src/stm32f1xx_hal_i2c.o
                0x08001168                HAL_I2C_Master_Transmit
 .text.HAL_I2C_IsDeviceReady
                0x080012ec      0x18c Drivers/STM32F1xx_HAL_Driver/Src/stm32f1xx_hal_i2c.o
                0x080012ec                HAL_I2C_IsDeviceReady
 .text.HAL_I2C_MasterTxCpltCallback
                0x08001478        0x2 Drivers/STM32F1xx_HAL_Driver/Src/stm32f1xx_hal_i2c.o
                0x08001478                HAL_I2C_MasterTxCpltCallback
 .text.HAL_I2C_MasterRxCpltCallback
                0x0800147a        0x2 Drivers/STM32F1xx_HAL_Driver/Src/stm32f1xx_hal_i2c.o
                0x0800147a                HAL_I2C_MasterRxCpltCallback
 .text.HAL_I2C_SlaveTxCpltCallback
                0x0800147c        0x2 Drivers/STM32F1xx_HAL_Driver/Src/stm32f1xx_hal_i2c.o
                0x0800147c                HAL_I2C_SlaveTxCpltCallback
 .text.I2C_SlaveTransmit_TXE
                0x0800147e       0x4a Drivers/STM32F1xx_HAL_Driver/Src/stm32f1xx_hal_i2c.o
 .text.HAL_I2C_SlaveRxCpltCallback
                0x080014c8        0x2 Drivers/STM32F1xx_HAL_Driver/Src/stm32f1xx_hal_i2c.o
                0x080014c8                HAL_I2C_SlaveRxCpltCallback
 .text.I2C_SlaveReceive_RXNE
                0x080014ca       0x4e Drivers/STM32F1xx_HAL_Driver/Src/stm32f1xx_hal_i2c.o
 .text.HAL_I2C_AddrCallback
                0x08001518        0x2 Drivers/STM32F1xx_HAL_Driver/Src/stm32f1xx_hal_i2c.o
                0x08001518                HAL_I2C_AddrCallback
 .text.I2C_Slave_ADDR
                0x0800151a       0x28 Drivers/STM32F1xx_HAL_Driver/Src/stm32f1xx_hal_i2c.o
 .text.HAL_I2C_ListenCpltCallback
                0x08001542        0x2 Drivers/STM32F1xx_HAL_Driver/Src/stm32f1xx_hal_i2c.o
                0x08001542                HAL_I2C_ListenCpltCallback
 .text.I2C_Slave_AF
                0x08001544       0x94 Drivers/STM32F1xx_HAL_Driver/Src/stm32f1xx_hal_i2c.o
 .text.HAL_I2C_MemTxCpltCallback
                0x080015d8        0x2 Drivers/STM32F1xx_HAL_Driver/Src/stm32f1xx_hal_i2c.o
                0x080015d8                HAL_I2C_MemTxCpltCallback
 .text.I2C_MasterTransmit_TXE
                0x080015da      0x146 Drivers/STM32F1xx_HAL_Driver/Src/stm32f1xx_hal_i2c.o
 .text.I2C_MasterTransmit_BTF
                0x08001720       0x9c Drivers/STM32F1xx_HAL_Driver/Src/stm32f1xx_hal_i2c.o
 .text.HAL_I2C_MemRxCpltCallback
                0x080017bc        0x2 Drivers/STM32F1xx_HAL_Driver/Src/stm32f1xx_hal_i2c.o
                0x080017bc                HAL_I2C_MemRxCpltCallback
 .text.I2C_MasterReceive_RXNE
                0x080017be       0xcc Drivers/STM32F1xx_HAL_Driver/Src/stm32f1xx_hal_i2c.o
 .text.I2C_MasterReceive_BTF
                0x0800188a       0xf6 Drivers/STM32F1xx_HAL_Driver/Src/stm32f1xx_hal_i2c.o
 .text.HAL_I2C_ErrorCallback
                0x08001980        0x2 Drivers/STM32F1xx_HAL_Driver/Src/stm32f1xx_hal_i2c.o
                0x08001980                HAL_I2C_ErrorCallback
 .text.HAL_I2C_AbortCpltCallback
                0x08001982        0x2 Drivers/STM32F1xx_HAL_Driver/Src/stm32f1xx_hal_i2c.o
                0x08001982                HAL_I2C_AbortCpltCallback
 .text.I2C_ITError
                0x08001984      0x148 Drivers/STM32F1xx_HAL_Driver/Src/stm32f1xx_hal_i2c.o
 .text.I2C_Slave_STOPF
                0x08001acc      0x100 Drivers/STM32F1xx_HAL_Driver/Src/stm32f1xx_hal_i2c.o
 .text.HAL_I2C_EV_IRQHandler
                0x08001bcc      0x168 Drivers/STM32F1xx_HAL_Driver/Src/stm32f1xx_hal_i2c.o
                0x08001bcc                HAL_I2C_EV_IRQHandler
 .text.HAL_I2C_ER_IRQHandler
                0x08001d34       0xdc Drivers/STM32F1xx_HAL_Driver/Src/stm32f1xx_hal_i2c.o
                0x08001d34                HAL_I2C_ER_IRQHandler
 .text.I2C_DMAAbort
                0x08001e10       0x5e Drivers/STM32F1xx_HAL_Driver/Src/stm32f1xx_hal_i2c.o
 *fill*         0x08001e6e        0x2 
 .text.HAL_PCD_Init
                0x08001e70       0xf0 Drivers/STM32F1xx_HAL_Driver/Src/stm32f1xx_hal_pcd.o
                0x08001e70                HAL_PCD_Init
 .text.RCC_Delay
                0x08001f60       0x2c Drivers/STM32F1xx_HAL_Driver/Src/stm32f1xx_hal_rcc.o
 .text.HAL_RCC_OscConfig
                0x08001f8c      0x520 Drivers/STM32F1xx_HAL_Driver/Src/stm32f1xx_hal_rcc.o
                0x08001f8c                HAL_RCC_OscConfig
 .text.HAL_RCC_GetSysClockFreq
                0x080024ac       0x70 Drivers/STM32F1xx_HAL_Driver/Src/stm32f1xx_hal_rcc.o
                0x080024ac                HAL_RCC_GetSysClockFreq
 .text.HAL_RCC_ClockConfig
                0x0800251c      0x240 Drivers/STM32F1xx_HAL_Driver/Src/stm32f1xx_hal_rcc.o
                0x0800251c                HAL_RCC_ClockConfig
 .text.HAL_RCC_GetHCLKFreq
                0x0800275c        0xc Drivers/STM32F1xx_HAL_Driver/Src/stm32f1xx_hal_rcc.o
                0x0800275c                HAL_RCC_GetHCLKFreq
 .text.HAL_RCC_GetPCLK1Freq
                0x08002768       0x20 Drivers/STM32F1xx_HAL_Driver/Src/stm32f1xx_hal_rcc.o
                0x08002768                HAL_RCC_GetPCLK1Freq
 .text.HAL_RCC_GetPCLK2Freq
                0x08002788       0x20 Drivers/STM32F1xx_HAL_Driver/Src/stm32f1xx_hal_rcc.o
                0x08002788                HAL_RCC_GetPCLK2Freq
 .text.HAL_RCCEx_PeriphCLKConfig
                0x080027a8      0x180 Drivers/STM32F1xx_HAL_Driver/Src/stm32f1xx_hal_rcc_ex.o
                0x080027a8                HAL_RCCEx_PeriphCLKConfig
 .text.UART_EndRxTransfer
                0x08002928       0x1c Drivers/STM32F1xx_HAL_Driver/Src/stm32f1xx_hal_uart.o
 .text.UART_Transmit_IT
                0x08002944       0x68 Drivers/STM32F1xx_HAL_Driver/Src/stm32f1xx_hal_uart.o
 .text.UART_SetConfig
                0x080029ac      0x214 Drivers/STM32F1xx_HAL_Driver/Src/stm32f1xx_hal_uart.o
 .text.UART_WaitOnFlagUntilTimeout
                0x08002bc0       0x62 Drivers/STM32F1xx_HAL_Driver/Src/stm32f1xx_hal_uart.o
 *fill*         0x08002c22        0x2 
 .text.HAL_UART_Init
                0x08002c24       0xec Drivers/STM32F1xx_HAL_Driver/Src/stm32f1xx_hal_uart.o
                0x08002c24                HAL_UART_Init
 .text.HAL_UART_Transmit
                0x08002d10       0xe0 Drivers/STM32F1xx_HAL_Driver/Src/stm32f1xx_hal_uart.o
                0x08002d10                HAL_UART_Transmit
 .text.HAL_UART_Receive
                0x08002df0       0xe4 Drivers/STM32F1xx_HAL_Driver/Src/stm32f1xx_hal_uart.o
                0x08002df0                HAL_UART_Receive
 .text.UART_EndTransmit_IT
                0x08002ed4       0x1a Drivers/STM32F1xx_HAL_Driver/Src/stm32f1xx_hal_uart.o
 .text.UART_Receive_IT
                0x08002eee       0x9c Drivers/STM32F1xx_HAL_Driver/Src/stm32f1xx_hal_uart.o
 .text.HAL_UART_ErrorCallback
                0x08002f8a        0x2 Drivers/STM32F1xx_HAL_Driver/Src/stm32f1xx_hal_uart.o
                0x08002f8a                HAL_UART_ErrorCallback
 .text.HAL_UART_IRQHandler
                0x08002f8c      0x120 Drivers/STM32F1xx_HAL_Driver/Src/stm32f1xx_hal_uart.o
                0x08002f8c                HAL_UART_IRQHandler
 .text.UART_DMAAbortOnError
                0x080030ac       0x10 Drivers/STM32F1xx_HAL_Driver/Src/stm32f1xx_hal_uart.o
 .text.USB_CoreInit
                0x080030bc        0xe Drivers/STM32F1xx_HAL_Driver/Src/stm32f1xx_ll_usb.o
                0x080030bc                USB_CoreInit
 .text.USB_EnableGlobalInt
                0x080030ca       0x10 Drivers/STM32F1xx_HAL_Driver/Src/stm32f1xx_ll_usb.o
                0x080030ca                USB_EnableGlobalInt
 .text.USB_DisableGlobalInt
                0x080030da       0x14 Drivers/STM32F1xx_HAL_Driver/Src/stm32f1xx_ll_usb.o
                0x080030da                USB_DisableGlobalInt
 .text.USB_SetCurrentMode
                0x080030ee        0x4 Drivers/STM32F1xx_HAL_Driver/Src/stm32f1xx_ll_usb.o
                0x080030ee                USB_SetCurrentMode
 .text.USB_DevInit
                0x080030f2       0x2c Drivers/STM32F1xx_HAL_Driver/Src/stm32f1xx_ll_usb.o
                0x080030f2                USB_DevInit
 .text.USB_DevDisconnect
                0x0800311e        0x4 Drivers/STM32F1xx_HAL_Driver/Src/stm32f1xx_ll_usb.o
                0x0800311e                USB_DevDisconnect
 .text.center_word
                0x08003122        0xa Src/data_separate.o
                0x08003122                center_word
 .text.MX_DMA_Init
                0x0800312c       0x44 Src/dma.o
                0x0800312c                MX_DMA_Init
 .text.EEPROM24XX_IsConnected
                0x08003170       0x1c Src/eeprom24xx.o
                0x08003170                EEPROM24XX_IsConnected
 .text.MX_GPIO_Init
                0x0800318c       0xd0 Src/gpio.o
                0x0800318c                MX_GPIO_Init
 .text.lcd_send_cmd
                0x0800325c       0x48 Src/i2c-lcd.o
                0x0800325c                lcd_send_cmd
 .text.lcd_send_data
                0x080032a4       0x48 Src/i2c-lcd.o
                0x080032a4                lcd_send_data
 .text.lcd_init
                0x080032ec       0x1c Src/i2c-lcd.o
                0x080032ec                lcd_init
 .text.lcd_send_string
                0x08003308       0x14 Src/i2c-lcd.o
                0x08003308                lcd_send_string
 .text.MX_I2C1_Init
                0x0800331c       0x44 Src/i2c.o
                0x0800331c                MX_I2C1_Init
 .text.HAL_I2C_MspInit
                0x08003360       0xf0 Src/i2c.o
                0x08003360                HAL_I2C_MspInit
 .text.lcd_name_surname
                0x08003450       0x4a Src/lcd_messages.o
                0x08003450                lcd_name_surname
 .text.lcd_clear
                0x0800349a        0xa Src/lcd_messages.o
                0x0800349a                lcd_clear
 .text.HAL_UART_RxCpltCallback
                0x080034a4        0x4 Src/main.o
                0x080034a4                HAL_UART_RxCpltCallback
 .text.HAL_UART_TxCpltCallback
                0x080034a8        0x4 Src/main.o
                0x080034a8                HAL_UART_TxCpltCallback
 .text._Error_Handler
                0x080034ac        0x2 Src/main.o
                0x080034ac                _Error_Handler
 *fill*         0x080034ae        0x2 
 .text.SystemClock_Config
                0x080034b0       0xa0 Src/main.o
                0x080034b0                SystemClock_Config
 .text.main     0x08003550       0xac Src/main.o
                0x08003550                main
 .text.assert_failed
                0x080035fc        0x2 Src/main.o
                0x080035fc                assert_failed
 *fill*         0x080035fe        0x2 
 .text.HAL_MspInit
                0x08003600       0xa0 Src/stm32f1xx_hal_msp.o
                0x08003600                HAL_MspInit
 .text.NMI_Handler
                0x080036a0        0x2 Src/stm32f1xx_it.o
                0x080036a0                NMI_Handler
 .text.HardFault_Handler
                0x080036a2        0x2 Src/stm32f1xx_it.o
                0x080036a2                HardFault_Handler
 .text.MemManage_Handler
                0x080036a4        0x2 Src/stm32f1xx_it.o
                0x080036a4                MemManage_Handler
 .text.BusFault_Handler
                0x080036a6        0x2 Src/stm32f1xx_it.o
                0x080036a6                BusFault_Handler
 .text.UsageFault_Handler
                0x080036a8        0x2 Src/stm32f1xx_it.o
                0x080036a8                UsageFault_Handler
 .text.SVC_Handler
                0x080036aa        0x2 Src/stm32f1xx_it.o
                0x080036aa                SVC_Handler
 .text.DebugMon_Handler
                0x080036ac        0x2 Src/stm32f1xx_it.o
                0x080036ac                DebugMon_Handler
 .text.PendSV_Handler
                0x080036ae        0x2 Src/stm32f1xx_it.o
                0x080036ae                PendSV_Handler
 .text.SysTick_Handler
                0x080036b0        0xc Src/stm32f1xx_it.o
                0x080036b0                SysTick_Handler
 .text.DMA1_Channel6_IRQHandler
                0x080036bc       0x10 Src/stm32f1xx_it.o
                0x080036bc                DMA1_Channel6_IRQHandler
 .text.DMA1_Channel7_IRQHandler
                0x080036cc       0x10 Src/stm32f1xx_it.o
                0x080036cc                DMA1_Channel7_IRQHandler
 .text.I2C1_EV_IRQHandler
                0x080036dc       0x10 Src/stm32f1xx_it.o
                0x080036dc                I2C1_EV_IRQHandler
 .text.I2C1_ER_IRQHandler
                0x080036ec       0x10 Src/stm32f1xx_it.o
                0x080036ec                I2C1_ER_IRQHandler
 .text.USART1_IRQHandler
                0x080036fc       0x10 Src/stm32f1xx_it.o
                0x080036fc                USART1_IRQHandler
 .text.USART3_IRQHandler
                0x0800370c       0x10 Src/stm32f1xx_it.o
                0x0800370c                USART3_IRQHandler
 .text.SystemInit
                0x0800371c       0x4c Src/system_stm32f1xx.o
                0x0800371c                SystemInit
 .text.MX_USART1_UART_Init
                0x08003768       0x3c Src/usart.o
                0x08003768                MX_USART1_UART_Init
 .text.MX_USART3_UART_Init
                0x080037a4       0x3c Src/usart.o
                0x080037a4                MX_USART3_UART_Init
 .text.HAL_UART_MspInit
                0x080037e0       0xd0 Src/usart.o
                0x080037e0                HAL_UART_MspInit
 .text.MX_USB_PCD_Init
                0x080038b0       0x3c Src/usb.o
                0x080038b0                MX_USB_PCD_Init
 .text.HAL_PCD_MspInit
                0x080038ec       0x2c Src/usb.o
                0x080038ec                HAL_PCD_MspInit
 .text.Reset_Handler
                0x08003918       0x48 startup/startup_stm32f103xb.o
                0x08003918                Reset_Handler
 .text.Default_Handler
                0x08003960        0x2 startup/startup_stm32f103xb.o
                0x08003960                RTC_Alarm_IRQHandler
                0x08003960                EXTI2_IRQHandler
                0x08003960                TIM1_CC_IRQHandler
                0x08003960                PVD_IRQHandler
                0x08003960                EXTI3_IRQHandler
                0x08003960                EXTI0_IRQHandler
                0x08003960                I2C2_EV_IRQHandler
                0x08003960                ADC1_2_IRQHandler
                0x08003960                SPI1_IRQHandler
                0x08003960                TAMPER_IRQHandler
                0x08003960                DMA1_Channel4_IRQHandler
                0x08003960                RTC_IRQHandler
                0x08003960                CAN1_RX1_IRQHandler
                0x08003960                TIM4_IRQHandler
                0x08003960                TIM3_IRQHandler
                0x08003960                RCC_IRQHandler
                0x08003960                TIM1_TRG_COM_IRQHandler
                0x08003960                DMA1_Channel1_IRQHandler
                0x08003960                Default_Handler
                0x08003960                EXTI15_10_IRQHandler
                0x08003960                EXTI9_5_IRQHandler
                0x08003960                SPI2_IRQHandler
                0x08003960                DMA1_Channel5_IRQHandler
                0x08003960                EXTI4_IRQHandler
                0x08003960                USB_LP_CAN1_RX0_IRQHandler
                0x08003960                USB_HP_CAN1_TX_IRQHandler
                0x08003960                DMA1_Channel3_IRQHandler
                0x08003960                TIM1_UP_IRQHandler
                0x08003960                WWDG_IRQHandler
                0x08003960                TIM2_IRQHandler
                0x08003960                TIM1_BRK_IRQHandler
                0x08003960                EXTI1_IRQHandler
                0x08003960                USART2_IRQHandler
                0x08003960                I2C2_ER_IRQHandler
                0x08003960                DMA1_Channel2_IRQHandler
                0x08003960                CAN1_SCE_IRQHandler
                0x08003960                FLASH_IRQHandler
                0x08003960                USBWakeUp_IRQHandler
 *fill*         0x08003962        0x2 
 .text.__libc_init_array
                0x08003964       0x48 c:/ac6/systemworkbench/plugins/fr.ac6.mcu.externaltools.arm-none.win32_1.16.0.201807130628/tools/compiler/bin/../lib/gcc/arm-none-eabi/7.2.1/../../../../arm-none-eabi/lib/thumb/v7-m\libc_nano.a(lib_a-init.o)
                0x08003964                __libc_init_array
 *(.glue_7)
 .glue_7        0x080039ac        0x0 linker stubs
 *(.glue_7t)
 .glue_7t       0x080039ac        0x0 linker stubs
 *(.eh_frame)
 .eh_frame      0x080039ac        0x0 c:/ac6/systemworkbench/plugins/fr.ac6.mcu.externaltools.arm-none.win32_1.16.0.201807130628/tools/compiler/bin/../lib/gcc/arm-none-eabi/7.2.1/thumb/v7-m/crtbegin.o
 *(.init)
 .init          0x080039ac        0x4 c:/ac6/systemworkbench/plugins/fr.ac6.mcu.externaltools.arm-none.win32_1.16.0.201807130628/tools/compiler/bin/../lib/gcc/arm-none-eabi/7.2.1/thumb/v7-m/crti.o
                0x080039ac                _init
 .init          0x080039b0        0x8 c:/ac6/systemworkbench/plugins/fr.ac6.mcu.externaltools.arm-none.win32_1.16.0.201807130628/tools/compiler/bin/../lib/gcc/arm-none-eabi/7.2.1/thumb/v7-m/crtn.o
 *(.fini)
 .fini          0x080039b8        0x4 c:/ac6/systemworkbench/plugins/fr.ac6.mcu.externaltools.arm-none.win32_1.16.0.201807130628/tools/compiler/bin/../lib/gcc/arm-none-eabi/7.2.1/thumb/v7-m/crti.o
                0x080039b8                _fini
 .fini          0x080039bc        0x8 c:/ac6/systemworkbench/plugins/fr.ac6.mcu.externaltools.arm-none.win32_1.16.0.201807130628/tools/compiler/bin/../lib/gcc/arm-none-eabi/7.2.1/thumb/v7-m/crtn.o
                0x080039c4                . = ALIGN (0x4)
                0x080039c4                _etext = .

.vfp11_veneer   0x080039c4        0x0
 .vfp11_veneer  0x080039c4        0x0 linker stubs

.v4_bx          0x080039c4        0x0
 .v4_bx         0x080039c4        0x0 linker stubs

.iplt           0x080039c4        0x0
 .iplt          0x080039c4        0x0 c:/ac6/systemworkbench/plugins/fr.ac6.mcu.externaltools.arm-none.win32_1.16.0.201807130628/tools/compiler/bin/../lib/gcc/arm-none-eabi/7.2.1/thumb/v7-m/crtbegin.o

.rodata         0x080039c4      0x254
                0x080039c4                . = ALIGN (0x4)
 *(.rodata)
 .rodata        0x080039c4       0x12 Drivers/STM32F1xx_HAL_Driver/Src/stm32f1xx_hal_rcc.o
 *fill*         0x080039d6        0x2 
 .rodata        0x080039d8       0x18 Src/system_stm32f1xx.o
                0x080039d8                AHBPrescTable
                0x080039e8                APBPrescTable
 *(.rodata*)
 .rodata.str1.4
                0x080039f0       0x3b Drivers/STM32F1xx_HAL_Driver/Src/stm32f1xx_hal_cortex.o
 *fill*         0x08003a2b        0x1 
 .rodata.str1.4
                0x08003a2c       0x38 Drivers/STM32F1xx_HAL_Driver/Src/stm32f1xx_hal_dma.o
 .rodata.str1.4
                0x08003a64       0x39 Drivers/STM32F1xx_HAL_Driver/Src/stm32f1xx_hal_gpio.o
 *fill*         0x08003a9d        0x3 
 .rodata.str1.4
                0x08003aa0       0x38 Drivers/STM32F1xx_HAL_Driver/Src/stm32f1xx_hal_i2c.o
 .rodata.str1.4
                0x08003ad8       0x38 Drivers/STM32F1xx_HAL_Driver/Src/stm32f1xx_hal_pcd.o
 .rodata.str1.4
                0x08003b10       0x38 Drivers/STM32F1xx_HAL_Driver/Src/stm32f1xx_hal_rcc.o
 .rodata.str1.4
                0x08003b48       0x3b Drivers/STM32F1xx_HAL_Driver/Src/stm32f1xx_hal_rcc_ex.o
 *fill*         0x08003b83        0x1 
 .rodata.str1.4
                0x08003b84       0x39 Drivers/STM32F1xx_HAL_Driver/Src/stm32f1xx_hal_uart.o
 *fill*         0x08003bbd        0x3 
 .rodata.str1.4
                0x08003bc0        0xd Src/i2c.o
 *fill*         0x08003bcd        0x3 
 .rodata.str1.4
                0x08003bd0       0x25 Src/main.o
 *fill*         0x08003bf5        0x3 
 .rodata.str1.4
                0x08003bf8        0xf Src/usart.o
 *fill*         0x08003c07        0x1 
 .rodata.str1.4
                0x08003c08       0x10 Src/usb.o
                                  0xd (size before relaxing)
                0x08003c18                . = ALIGN (0x4)

.rel.dyn        0x08003c18        0x0
 .rel.iplt      0x08003c18        0x0 c:/ac6/systemworkbench/plugins/fr.ac6.mcu.externaltools.arm-none.win32_1.16.0.201807130628/tools/compiler/bin/../lib/gcc/arm-none-eabi/7.2.1/thumb/v7-m/crtbegin.o

.ARM.extab
 *(.ARM.extab* .gnu.linkonce.armextab.*)

.ARM            0x08003c18        0x0
                0x08003c18                __exidx_start = .
 *(.ARM.exidx*)
                0x08003c18                __exidx_end = .

.preinit_array  0x08003c18        0x0
                0x08003c18                PROVIDE (__preinit_array_start, .)
 *(.preinit_array*)
                0x08003c18                PROVIDE (__preinit_array_end, .)

.init_array     0x08003c18        0x4
                0x08003c18                PROVIDE (__init_array_start, .)
 *(SORT_BY_NAME(.init_array.*))
 *(.init_array*)
 .init_array    0x08003c18        0x4 c:/ac6/systemworkbench/plugins/fr.ac6.mcu.externaltools.arm-none.win32_1.16.0.201807130628/tools/compiler/bin/../lib/gcc/arm-none-eabi/7.2.1/thumb/v7-m/crtbegin.o
                0x08003c1c                PROVIDE (__init_array_end, .)

.fini_array     0x08003c1c        0x4
                [!provide]                PROVIDE (__fini_array_start, .)
 *(SORT_BY_NAME(.fini_array.*))
 *(.fini_array*)
 .fini_array    0x08003c1c        0x4 c:/ac6/systemworkbench/plugins/fr.ac6.mcu.externaltools.arm-none.win32_1.16.0.201807130628/tools/compiler/bin/../lib/gcc/arm-none-eabi/7.2.1/thumb/v7-m/crtbegin.o
                [!provide]                PROVIDE (__fini_array_end, .)
                0x08003c20                _sidata = LOADADDR (.data)

.data           0x20000000       0x10 load address 0x08003c20
                0x20000000                . = ALIGN (0x4)
                0x20000000                _sdata = .
 *(.data)
 .data          0x20000000        0x8 Drivers/STM32F1xx_HAL_Driver/Src/stm32f1xx_hal.o
                0x20000000                uwTickFreq
                0x20000004                uwTickPrio
 .data          0x20000008        0x4 Src/main.o
                0x20000008                GSM_DATA
 .data          0x2000000c        0x4 Src/system_stm32f1xx.o
                0x2000000c                SystemCoreClock
 *(.data*)
                0x20000010                . = ALIGN (0x4)
                0x20000010                _edata = .

.igot.plt       0x20000010        0x0 load address 0x08003c30
 .igot.plt      0x20000010        0x0 c:/ac6/systemworkbench/plugins/fr.ac6.mcu.externaltools.arm-none.win32_1.16.0.201807130628/tools/compiler/bin/../lib/gcc/arm-none-eabi/7.2.1/thumb/v7-m/crtbegin.o
                0x20000010                . = ALIGN (0x4)

.bss            0x20000010      0x5ec load address 0x08003c30
                0x20000010                _sbss = .
                0x20000010                __bss_start__ = _sbss
 *(.bss)
 .bss           0x20000010       0x1c c:/ac6/systemworkbench/plugins/fr.ac6.mcu.externaltools.arm-none.win32_1.16.0.201807130628/tools/compiler/bin/../lib/gcc/arm-none-eabi/7.2.1/thumb/v7-m/crtbegin.o
 .bss           0x2000002c       0x10 Src/main.o
                0x2000002c                receive_data
 *(.bss*)
 *(COMMON)
 COMMON         0x2000003c        0x4 Drivers/STM32F1xx_HAL_Driver/Src/stm32f1xx_hal.o
                0x2000003c                uwTick
 COMMON         0x20000040       0xdc Src/i2c.o
                0x20000040                hdma_i2c1_tx
                0x20000084                hi2c1
                0x200000d8                hdma_i2c1_rx
 COMMON         0x2000011c       0x80 Src/usart.o
                0x2000011c                huart3
                0x2000015c                huart1
 COMMON         0x2000019c      0x460 Src/usb.o
                0x2000019c                hpcd_USB_FS
                0x200005fc                . = ALIGN (0x4)
                0x200005fc                _ebss = .
                0x200005fc                __bss_end__ = _ebss

._user_heap_stack
                0x200005fc      0x604 load address 0x08003c30
                0x20000600                . = ALIGN (0x8)
 *fill*         0x200005fc        0x4 
                0x20000600                PROVIDE (end, .)
                [!provide]                PROVIDE (_end, .)
                0x20000800                . = (. + _Min_Heap_Size)
 *fill*         0x20000600      0x200 
                0x20000c00                . = (. + _Min_Stack_Size)
 *fill*         0x20000800      0x400 
                0x20000c00                . = ALIGN (0x8)

/DISCARD/
 libc.a(*)
 libm.a(*)
 libgcc.a(*)

.ARM.attributes
                0x00000000       0x29
 *(.ARM.attributes)
 .ARM.attributes
                0x00000000       0x1d c:/ac6/systemworkbench/plugins/fr.ac6.mcu.externaltools.arm-none.win32_1.16.0.201807130628/tools/compiler/bin/../lib/gcc/arm-none-eabi/7.2.1/thumb/v7-m/crti.o
 .ARM.attributes
                0x0000001d       0x2d c:/ac6/systemworkbench/plugins/fr.ac6.mcu.externaltools.arm-none.win32_1.16.0.201807130628/tools/compiler/bin/../lib/gcc/arm-none-eabi/7.2.1/thumb/v7-m/crtbegin.o
 .ARM.attributes
                0x0000004a       0x33 Drivers/STM32F1xx_HAL_Driver/Src/stm32f1xx_hal.o
 .ARM.attributes
                0x0000007d       0x33 Drivers/STM32F1xx_HAL_Driver/Src/stm32f1xx_hal_cortex.o
 .ARM.attributes
                0x000000b0       0x33 Drivers/STM32F1xx_HAL_Driver/Src/stm32f1xx_hal_dma.o
 .ARM.attributes
                0x000000e3       0x33 Drivers/STM32F1xx_HAL_Driver/Src/stm32f1xx_hal_gpio.o
 .ARM.attributes
                0x00000116       0x33 Drivers/STM32F1xx_HAL_Driver/Src/stm32f1xx_hal_i2c.o
 .ARM.attributes
                0x00000149       0x33 Drivers/STM32F1xx_HAL_Driver/Src/stm32f1xx_hal_pcd.o
 .ARM.attributes
                0x0000017c       0x33 Drivers/STM32F1xx_HAL_Driver/Src/stm32f1xx_hal_rcc.o
 .ARM.attributes
                0x000001af       0x33 Drivers/STM32F1xx_HAL_Driver/Src/stm32f1xx_hal_rcc_ex.o
 .ARM.attributes
                0x000001e2       0x33 Drivers/STM32F1xx_HAL_Driver/Src/stm32f1xx_hal_uart.o
 .ARM.attributes
                0x00000215       0x33 Drivers/STM32F1xx_HAL_Driver/Src/stm32f1xx_ll_usb.o
 .ARM.attributes
                0x00000248       0x33 Src/data_separate.o
 .ARM.attributes
                0x0000027b       0x33 Src/dma.o
 .ARM.attributes
                0x000002ae       0x33 Src/eeprom24xx.o
 .ARM.attributes
                0x000002e1       0x33 Src/gpio.o
 .ARM.attributes
                0x00000314       0x33 Src/i2c-lcd.o
 .ARM.attributes
                0x00000347       0x33 Src/i2c.o
 .ARM.attributes
                0x0000037a       0x33 Src/lcd_messages.o
 .ARM.attributes
                0x000003ad       0x33 Src/main.o
 .ARM.attributes
                0x000003e0       0x33 Src/stm32f1xx_hal_msp.o
 .ARM.attributes
                0x00000413       0x33 Src/stm32f1xx_it.o
 .ARM.attributes
                0x00000446       0x33 Src/system_stm32f1xx.o
 .ARM.attributes
                0x00000479       0x33 Src/usart.o
 .ARM.attributes
                0x000004ac       0x33 Src/usb.o
 .ARM.attributes
                0x000004df       0x21 startup/startup_stm32f103xb.o
 .ARM.attributes
                0x00000500       0x2d c:/ac6/systemworkbench/plugins/fr.ac6.mcu.externaltools.arm-none.win32_1.16.0.201807130628/tools/compiler/bin/../lib/gcc/arm-none-eabi/7.2.1/../../../../arm-none-eabi/lib/thumb/v7-m\libc_nano.a(lib_a-init.o)
 .ARM.attributes
                0x0000052d       0x17 c:/ac6/systemworkbench/plugins/fr.ac6.mcu.externaltools.arm-none.win32_1.16.0.201807130628/tools/compiler/bin/../lib/gcc/arm-none-eabi/7.2.1/../../../../arm-none-eabi/lib/thumb/v7-m\libc_nano.a(lib_a-strlen.o)
 .ARM.attributes
                0x00000544       0x1d c:/ac6/systemworkbench/plugins/fr.ac6.mcu.externaltools.arm-none.win32_1.16.0.201807130628/tools/compiler/bin/../lib/gcc/arm-none-eabi/7.2.1/thumb/v7-m/crtn.o
OUTPUT(test2.elf elf32-littlearm)

.debug_info     0x00000000    0x1c379
 .debug_info    0x00000000      0xfcc Drivers/STM32F1xx_HAL_Driver/Src/stm32f1xx_hal.o
 .debug_info    0x00000fcc     0x15ca Drivers/STM32F1xx_HAL_Driver/Src/stm32f1xx_hal_cortex.o
 .debug_info    0x00002596     0x117d Drivers/STM32F1xx_HAL_Driver/Src/stm32f1xx_hal_dma.o
 .debug_info    0x00003713     0x1087 Drivers/STM32F1xx_HAL_Driver/Src/stm32f1xx_hal_gpio.o
 .debug_info    0x0000479a     0x39f6 Drivers/STM32F1xx_HAL_Driver/Src/stm32f1xx_hal_i2c.o
 .debug_info    0x00008190     0x19fb Drivers/STM32F1xx_HAL_Driver/Src/stm32f1xx_hal_pcd.o
 .debug_info    0x00009b8b     0x14c9 Drivers/STM32F1xx_HAL_Driver/Src/stm32f1xx_hal_rcc.o
 .debug_info    0x0000b054      0xd06 Drivers/STM32F1xx_HAL_Driver/Src/stm32f1xx_hal_rcc_ex.o
 .debug_info    0x0000bd5a     0x20f1 Drivers/STM32F1xx_HAL_Driver/Src/stm32f1xx_hal_uart.o
 .debug_info    0x0000de4b     0x172c Drivers/STM32F1xx_HAL_Driver/Src/stm32f1xx_ll_usb.o
 .debug_info    0x0000f577      0xd2b Src/data_separate.o
 .debug_info    0x000102a2      0xbc4 Src/dma.o
 .debug_info    0x00010e66      0xf7e Src/eeprom24xx.o
 .debug_info    0x00011de4      0xc0d Src/gpio.o
 .debug_info    0x000129f1      0xf80 Src/i2c-lcd.o
 .debug_info    0x00013971     0x13bf Src/i2c.o
 .debug_info    0x00014d30      0xe0e Src/lcd_messages.o
 .debug_info    0x00015b3e     0x1b97 Src/main.o
 .debug_info    0x000176d5      0xcec Src/stm32f1xx_hal_msp.o
 .debug_info    0x000183c1     0x11b7 Src/stm32f1xx_it.o
 .debug_info    0x00019578      0xc15 Src/system_stm32f1xx.o
 .debug_info    0x0001a18d     0x12d9 Src/usart.o
 .debug_info    0x0001b466      0xef1 Src/usb.o
 .debug_info    0x0001c357       0x22 startup/startup_stm32f103xb.o

.debug_abbrev   0x00000000     0x3d79
 .debug_abbrev  0x00000000      0x2f4 Drivers/STM32F1xx_HAL_Driver/Src/stm32f1xx_hal.o
 .debug_abbrev  0x000002f4      0x3e8 Drivers/STM32F1xx_HAL_Driver/Src/stm32f1xx_hal_cortex.o
 .debug_abbrev  0x000006dc      0x2f2 Drivers/STM32F1xx_HAL_Driver/Src/stm32f1xx_hal_dma.o
 .debug_abbrev  0x000009ce      0x2de Drivers/STM32F1xx_HAL_Driver/Src/stm32f1xx_hal_gpio.o
 .debug_abbrev  0x00000cac      0x308 Drivers/STM32F1xx_HAL_Driver/Src/stm32f1xx_hal_i2c.o
 .debug_abbrev  0x00000fb4      0x357 Drivers/STM32F1xx_HAL_Driver/Src/stm32f1xx_hal_pcd.o
 .debug_abbrev  0x0000130b      0x326 Drivers/STM32F1xx_HAL_Driver/Src/stm32f1xx_hal_rcc.o
 .debug_abbrev  0x00001631      0x2da Drivers/STM32F1xx_HAL_Driver/Src/stm32f1xx_hal_rcc_ex.o
 .debug_abbrev  0x0000190b      0x308 Drivers/STM32F1xx_HAL_Driver/Src/stm32f1xx_hal_uart.o
 .debug_abbrev  0x00001c13      0x2c3 Drivers/STM32F1xx_HAL_Driver/Src/stm32f1xx_ll_usb.o
 .debug_abbrev  0x00001ed6      0x286 Src/data_separate.o
 .debug_abbrev  0x0000215c      0x234 Src/dma.o
 .debug_abbrev  0x00002390      0x222 Src/eeprom24xx.o
 .debug_abbrev  0x000025b2      0x22b Src/gpio.o
 .debug_abbrev  0x000027dd      0x258 Src/i2c-lcd.o
 .debug_abbrev  0x00002a35      0x28c Src/i2c.o
 .debug_abbrev  0x00002cc1      0x24f Src/lcd_messages.o
 .debug_abbrev  0x00002f10      0x30d Src/main.o
 .debug_abbrev  0x0000321d      0x234 Src/stm32f1xx_hal_msp.o
 .debug_abbrev  0x00003451      0x22a Src/stm32f1xx_it.o
 .debug_abbrev  0x0000367b      0x228 Src/system_stm32f1xx.o
 .debug_abbrev  0x000038a3      0x261 Src/usart.o
 .debug_abbrev  0x00003b04      0x263 Src/usb.o
 .debug_abbrev  0x00003d67       0x12 startup/startup_stm32f103xb.o

.debug_loc      0x00000000     0x7a65
 .debug_loc     0x00000000       0xee Drivers/STM32F1xx_HAL_Driver/Src/stm32f1xx_hal.o
 .debug_loc     0x000000ee      0x707 Drivers/STM32F1xx_HAL_Driver/Src/stm32f1xx_hal_cortex.o
 .debug_loc     0x000007f5      0x6b4 Drivers/STM32F1xx_HAL_Driver/Src/stm32f1xx_hal_dma.o
 .debug_loc     0x00000ea9      0x550 Drivers/STM32F1xx_HAL_Driver/Src/stm32f1xx_hal_gpio.o
 .debug_loc     0x000013f9     0x2e08 Drivers/STM32F1xx_HAL_Driver/Src/stm32f1xx_hal_i2c.o
 .debug_loc     0x00004201      0xa56 Drivers/STM32F1xx_HAL_Driver/Src/stm32f1xx_hal_pcd.o
 .debug_loc     0x00004c57      0x585 Drivers/STM32F1xx_HAL_Driver/Src/stm32f1xx_hal_rcc.o
 .debug_loc     0x000051dc      0x2d0 Drivers/STM32F1xx_HAL_Driver/Src/stm32f1xx_hal_rcc_ex.o
 .debug_loc     0x000054ac     0x145a Drivers/STM32F1xx_HAL_Driver/Src/stm32f1xx_hal_uart.o
 .debug_loc     0x00006906      0xc0d Drivers/STM32F1xx_HAL_Driver/Src/stm32f1xx_ll_usb.o
 .debug_loc     0x00007513      0x112 Src/data_separate.o
 .debug_loc     0x00007625      0x102 Src/eeprom24xx.o
 .debug_loc     0x00007727       0xac Src/i2c-lcd.o
 .debug_loc     0x000077d3       0x89 Src/i2c.o
 .debug_loc     0x0000785c       0x84 Src/lcd_messages.o
 .debug_loc     0x000078e0       0xdf Src/system_stm32f1xx.o
 .debug_loc     0x000079bf       0xa6 Src/usart.o

.debug_aranges  0x00000000      0xc68
 .debug_aranges
                0x00000000       0xd0 Drivers/STM32F1xx_HAL_Driver/Src/stm32f1xx_hal.o
 .debug_aranges
                0x000000d0       0x90 Drivers/STM32F1xx_HAL_Driver/Src/stm32f1xx_hal_cortex.o
 .debug_aranges
                0x00000160       0x80 Drivers/STM32F1xx_HAL_Driver/Src/stm32f1xx_hal_dma.o
 .debug_aranges
                0x000001e0       0x58 Drivers/STM32F1xx_HAL_Driver/Src/stm32f1xx_hal_gpio.o
 .debug_aranges
                0x00000238      0x268 Drivers/STM32F1xx_HAL_Driver/Src/stm32f1xx_hal_i2c.o
 .debug_aranges
                0x000004a0      0x120 Drivers/STM32F1xx_HAL_Driver/Src/stm32f1xx_hal_pcd.o
 .debug_aranges
                0x000005c0       0x90 Drivers/STM32F1xx_HAL_Driver/Src/stm32f1xx_hal_rcc.o
 .debug_aranges
                0x00000650       0x30 Drivers/STM32F1xx_HAL_Driver/Src/stm32f1xx_hal_rcc_ex.o
 .debug_aranges
                0x00000680      0x1d0 Drivers/STM32F1xx_HAL_Driver/Src/stm32f1xx_hal_uart.o
 .debug_aranges
                0x00000850      0x100 Drivers/STM32F1xx_HAL_Driver/Src/stm32f1xx_ll_usb.o
 .debug_aranges
                0x00000950       0x40 Src/data_separate.o
 .debug_aranges
                0x00000990       0x20 Src/dma.o
 .debug_aranges
                0x000009b0       0x30 Src/eeprom24xx.o
 .debug_aranges
                0x000009e0       0x20 Src/gpio.o
 .debug_aranges
                0x00000a00       0x38 Src/i2c-lcd.o
 .debug_aranges
                0x00000a38       0x30 Src/i2c.o
 .debug_aranges
                0x00000a68       0x50 Src/lcd_messages.o
 .debug_aranges
                0x00000ab8       0x48 Src/main.o
 .debug_aranges
                0x00000b00       0x20 Src/stm32f1xx_hal_msp.o
 .debug_aranges
                0x00000b20       0x90 Src/stm32f1xx_it.o
 .debug_aranges
                0x00000bb0       0x28 Src/system_stm32f1xx.o
 .debug_aranges
                0x00000bd8       0x38 Src/usart.o
 .debug_aranges
                0x00000c10       0x30 Src/usb.o
 .debug_aranges
                0x00000c40       0x28 startup/startup_stm32f103xb.o

.debug_ranges   0x00000000      0xcc0
 .debug_ranges  0x00000000       0xc0 Drivers/STM32F1xx_HAL_Driver/Src/stm32f1xx_hal.o
 .debug_ranges  0x000000c0       0xe0 Drivers/STM32F1xx_HAL_Driver/Src/stm32f1xx_hal_cortex.o
 .debug_ranges  0x000001a0       0x70 Drivers/STM32F1xx_HAL_Driver/Src/stm32f1xx_hal_dma.o
 .debug_ranges  0x00000210       0x48 Drivers/STM32F1xx_HAL_Driver/Src/stm32f1xx_hal_gpio.o
 .debug_ranges  0x00000258      0x258 Drivers/STM32F1xx_HAL_Driver/Src/stm32f1xx_hal_i2c.o
 .debug_ranges  0x000004b0      0x140 Drivers/STM32F1xx_HAL_Driver/Src/stm32f1xx_hal_pcd.o
 .debug_ranges  0x000005f0       0xa0 Drivers/STM32F1xx_HAL_Driver/Src/stm32f1xx_hal_rcc.o
 .debug_ranges  0x00000690       0x38 Drivers/STM32F1xx_HAL_Driver/Src/stm32f1xx_hal_rcc_ex.o
 .debug_ranges  0x000006c8      0x1c0 Drivers/STM32F1xx_HAL_Driver/Src/stm32f1xx_hal_uart.o
 .debug_ranges  0x00000888      0x1e0 Drivers/STM32F1xx_HAL_Driver/Src/stm32f1xx_ll_usb.o
 .debug_ranges  0x00000a68       0x48 Src/data_separate.o
 .debug_ranges  0x00000ab0       0x10 Src/dma.o
 .debug_ranges  0x00000ac0       0x20 Src/eeprom24xx.o
 .debug_ranges  0x00000ae0       0x10 Src/gpio.o
 .debug_ranges  0x00000af0       0x28 Src/i2c-lcd.o
 .debug_ranges  0x00000b18       0x20 Src/i2c.o
 .debug_ranges  0x00000b38       0x40 Src/lcd_messages.o
 .debug_ranges  0x00000b78       0x38 Src/main.o
 .debug_ranges  0x00000bb0       0x10 Src/stm32f1xx_hal_msp.o
 .debug_ranges  0x00000bc0       0x80 Src/stm32f1xx_it.o
 .debug_ranges  0x00000c40       0x18 Src/system_stm32f1xx.o
 .debug_ranges  0x00000c58       0x28 Src/usart.o
 .debug_ranges  0x00000c80       0x20 Src/usb.o
 .debug_ranges  0x00000ca0       0x20 startup/startup_stm32f103xb.o

.debug_macro    0x00000000    0x177f0
 .debug_macro   0x00000000      0x331 Drivers/STM32F1xx_HAL_Driver/Src/stm32f1xx_hal.o
 .debug_macro   0x00000331      0xa60 Drivers/STM32F1xx_HAL_Driver/Src/stm32f1xx_hal.o
 .debug_macro   0x00000d91       0x5e Drivers/STM32F1xx_HAL_Driver/Src/stm32f1xx_hal.o
 .debug_macro   0x00000def      0x17c Drivers/STM32F1xx_HAL_Driver/Src/stm32f1xx_hal.o
 .debug_macro   0x00000f6b       0x2e Drivers/STM32F1xx_HAL_Driver/Src/stm32f1xx_hal.o
 .debug_macro   0x00000f99       0x22 Drivers/STM32F1xx_HAL_Driver/Src/stm32f1xx_hal.o
 .debug_macro   0x00000fbb       0x22 Drivers/STM32F1xx_HAL_Driver/Src/stm32f1xx_hal.o
 .debug_macro   0x00000fdd       0x87 Drivers/STM32F1xx_HAL_Driver/Src/stm32f1xx_hal.o
 .debug_macro   0x00001064       0x51 Drivers/STM32F1xx_HAL_Driver/Src/stm32f1xx_hal.o
 .debug_macro   0x000010b5       0xef Drivers/STM32F1xx_HAL_Driver/Src/stm32f1xx_hal.o
 .debug_macro   0x000011a4       0x6a Drivers/STM32F1xx_HAL_Driver/Src/stm32f1xx_hal.o
 .debug_macro   0x0000120e      0x1df Drivers/STM32F1xx_HAL_Driver/Src/stm32f1xx_hal.o
 .debug_macro   0x000013ed       0x34 Drivers/STM32F1xx_HAL_Driver/Src/stm32f1xx_hal.o
 .debug_macro   0x00001421       0x34 Drivers/STM32F1xx_HAL_Driver/Src/stm32f1xx_hal.o
 .debug_macro   0x00001455      0xb8e Drivers/STM32F1xx_HAL_Driver/Src/stm32f1xx_hal.o
 .debug_macro   0x00001fe3     0xe90a Drivers/STM32F1xx_HAL_Driver/Src/stm32f1xx_hal.o
 .debug_macro   0x000108ed       0x43 Drivers/STM32F1xx_HAL_Driver/Src/stm32f1xx_hal.o
 .debug_macro   0x00010930       0x58 Drivers/STM32F1xx_HAL_Driver/Src/stm32f1xx_hal.o
 .debug_macro   0x00010988       0x17 Drivers/STM32F1xx_HAL_Driver/Src/stm32f1xx_hal.o
 .debug_macro   0x0001099f       0x35 Drivers/STM32F1xx_HAL_Driver/Src/stm32f1xx_hal.o
 .debug_macro   0x000109d4       0x9c Drivers/STM32F1xx_HAL_Driver/Src/stm32f1xx_hal.o
 .debug_macro   0x00010a70       0x16 Drivers/STM32F1xx_HAL_Driver/Src/stm32f1xx_hal.o
 .debug_macro   0x00010a86       0x97 Drivers/STM32F1xx_HAL_Driver/Src/stm32f1xx_hal.o
 .debug_macro   0x00010b1d      0x330 Drivers/STM32F1xx_HAL_Driver/Src/stm32f1xx_hal.o
 .debug_macro   0x00010e4d       0xfd Drivers/STM32F1xx_HAL_Driver/Src/stm32f1xx_hal.o
 .debug_macro   0x00010f4a       0x10 Drivers/STM32F1xx_HAL_Driver/Src/stm32f1xx_hal.o
 .debug_macro   0x00010f5a       0x58 Drivers/STM32F1xx_HAL_Driver/Src/stm32f1xx_hal.o
 .debug_macro   0x00010fb2       0x1f Drivers/STM32F1xx_HAL_Driver/Src/stm32f1xx_hal.o
 .debug_macro   0x00010fd1       0x43 Drivers/STM32F1xx_HAL_Driver/Src/stm32f1xx_hal.o
 .debug_macro   0x00011014       0x20 Drivers/STM32F1xx_HAL_Driver/Src/stm32f1xx_hal.o
 .debug_macro   0x00011034      0x18e Drivers/STM32F1xx_HAL_Driver/Src/stm32f1xx_hal.o
 .debug_macro   0x000111c2       0x10 Drivers/STM32F1xx_HAL_Driver/Src/stm32f1xx_hal.o
 .debug_macro   0x000111d2       0x1c Drivers/STM32F1xx_HAL_Driver/Src/stm32f1xx_hal.o
 .debug_macro   0x000111ee       0x52 Drivers/STM32F1xx_HAL_Driver/Src/stm32f1xx_hal.o
 .debug_macro   0x00011240       0x40 Drivers/STM32F1xx_HAL_Driver/Src/stm32f1xx_hal.o
 .debug_macro   0x00011280       0x10 Drivers/STM32F1xx_HAL_Driver/Src/stm32f1xx_hal.o
 .debug_macro   0x00011290       0x40 Drivers/STM32F1xx_HAL_Driver/Src/stm32f1xx_hal.o
 .debug_macro   0x000112d0       0xd7 Drivers/STM32F1xx_HAL_Driver/Src/stm32f1xx_hal.o
 .debug_macro   0x000113a7       0x1c Drivers/STM32F1xx_HAL_Driver/Src/stm32f1xx_hal.o
 .debug_macro   0x000113c3       0x3d Drivers/STM32F1xx_HAL_Driver/Src/stm32f1xx_hal.o
 .debug_macro   0x00011400       0x16 Drivers/STM32F1xx_HAL_Driver/Src/stm32f1xx_hal.o
 .debug_macro   0x00011416      0x16f Drivers/STM32F1xx_HAL_Driver/Src/stm32f1xx_hal.o
 .debug_macro   0x00011585       0x50 Drivers/STM32F1xx_HAL_Driver/Src/stm32f1xx_hal.o
 .debug_macro   0x000115d5      0x5c2 Drivers/STM32F1xx_HAL_Driver/Src/stm32f1xx_hal.o
 .debug_macro   0x00011b97      0x28a Drivers/STM32F1xx_HAL_Driver/Src/stm32f1xx_hal.o
 .debug_macro   0x00011e21      0x1cb Drivers/STM32F1xx_HAL_Driver/Src/stm32f1xx_hal.o
 .debug_macro   0x00011fec      0x11e Drivers/STM32F1xx_HAL_Driver/Src/stm32f1xx_hal.o
 .debug_macro   0x0001210a      0x1b3 Drivers/STM32F1xx_HAL_Driver/Src/stm32f1xx_hal.o
 .debug_macro   0x000122bd       0x27 Drivers/STM32F1xx_HAL_Driver/Src/stm32f1xx_hal.o
 .debug_macro   0x000122e4      0x1bc Drivers/STM32F1xx_HAL_Driver/Src/stm32f1xx_hal.o
 .debug_macro   0x000124a0       0x34 Drivers/STM32F1xx_HAL_Driver/Src/stm32f1xx_hal.o
 .debug_macro   0x000124d4       0x3c Drivers/STM32F1xx_HAL_Driver/Src/stm32f1xx_hal.o
 .debug_macro   0x00012510       0x57 Drivers/STM32F1xx_HAL_Driver/Src/stm32f1xx_hal.o
 .debug_macro   0x00012567       0x8c Drivers/STM32F1xx_HAL_Driver/Src/stm32f1xx_hal.o
 .debug_macro   0x000125f3      0x242 Drivers/STM32F1xx_HAL_Driver/Src/stm32f1xx_hal.o
 .debug_macro   0x00012835      0x264 Drivers/STM32F1xx_HAL_Driver/Src/stm32f1xx_hal.o
 .debug_macro   0x00012a99      0x143 Drivers/STM32F1xx_HAL_Driver/Src/stm32f1xx_hal.o
 .debug_macro   0x00012bdc      0x26b Drivers/STM32F1xx_HAL_Driver/Src/stm32f1xx_hal.o
 .debug_macro   0x00012e47       0x50 Drivers/STM32F1xx_HAL_Driver/Src/stm32f1xx_hal.o
 .debug_macro   0x00012e97      0x26c Drivers/STM32F1xx_HAL_Driver/Src/stm32f1xx_hal.o
 .debug_macro   0x00013103       0x83 Drivers/STM32F1xx_HAL_Driver/Src/stm32f1xx_hal.o
 .debug_macro   0x00013186      0x30d Drivers/STM32F1xx_HAL_Driver/Src/stm32f1xx_hal_cortex.o
 .debug_macro   0x00013493      0x30d Drivers/STM32F1xx_HAL_Driver/Src/stm32f1xx_hal_dma.o
 .debug_macro   0x000137a0      0x37d Drivers/STM32F1xx_HAL_Driver/Src/stm32f1xx_hal_gpio.o
 .debug_macro   0x00013b1d      0x34d Drivers/STM32F1xx_HAL_Driver/Src/stm32f1xx_hal_i2c.o
 .debug_macro   0x00013e6a      0x319 Drivers/STM32F1xx_HAL_Driver/Src/stm32f1xx_hal_pcd.o
 .debug_macro   0x00014183      0x31f Drivers/STM32F1xx_HAL_Driver/Src/stm32f1xx_hal_rcc.o
 .debug_macro   0x000144a2      0x30d Drivers/STM32F1xx_HAL_Driver/Src/stm32f1xx_hal_rcc_ex.o
 .debug_macro   0x000147af      0x30e Drivers/STM32F1xx_HAL_Driver/Src/stm32f1xx_hal_uart.o
 .debug_macro   0x00014abd      0x30d Drivers/STM32F1xx_HAL_Driver/Src/stm32f1xx_ll_usb.o
 .debug_macro   0x00014dca      0x31a Src/data_separate.o
 .debug_macro   0x000150e4      0x182 Src/data_separate.o
 .debug_macro   0x00015266      0x317 Src/dma.o
 .debug_macro   0x0001557d      0x333 Src/eeprom24xx.o
 .debug_macro   0x000158b0      0x317 Src/gpio.o
 .debug_macro   0x00015bc7      0x317 Src/i2c-lcd.o
 .debug_macro   0x00015ede      0x32b Src/i2c.o
 .debug_macro   0x00016209      0x31f Src/lcd_messages.o
 .debug_macro   0x00016528      0x359 Src/main.o
 .debug_macro   0x00016881      0x30d Src/stm32f1xx_hal_msp.o
 .debug_macro   0x00016b8e      0x317 Src/stm32f1xx_it.o
 .debug_macro   0x00016ea5      0x313 Src/system_stm32f1xx.o
 .debug_macro   0x000171b8      0x321 Src/usart.o
 .debug_macro   0x000174d9      0x317 Src/usb.o

.debug_line     0x00000000     0xdbcb
 .debug_line    0x00000000      0x8b9 Drivers/STM32F1xx_HAL_Driver/Src/stm32f1xx_hal.o
 .debug_line    0x000008b9      0x90a Drivers/STM32F1xx_HAL_Driver/Src/stm32f1xx_hal_cortex.o
 .debug_line    0x000011c3      0xb3f Drivers/STM32F1xx_HAL_Driver/Src/stm32f1xx_hal_dma.o
 .debug_line    0x00001d02      0x9b3 Drivers/STM32F1xx_HAL_Driver/Src/stm32f1xx_hal_gpio.o
 .debug_line    0x000026b5     0x1a64 Drivers/STM32F1xx_HAL_Driver/Src/stm32f1xx_hal_i2c.o
 .debug_line    0x00004119      0xbdc Drivers/STM32F1xx_HAL_Driver/Src/stm32f1xx_hal_pcd.o
 .debug_line    0x00004cf5      0xb3d Drivers/STM32F1xx_HAL_Driver/Src/stm32f1xx_hal_rcc.o
 .debug_line    0x00005832      0x7ee Drivers/STM32F1xx_HAL_Driver/Src/stm32f1xx_hal_rcc_ex.o
 .debug_line    0x00006020     0x10f3 Drivers/STM32F1xx_HAL_Driver/Src/stm32f1xx_hal_uart.o
 .debug_line    0x00007113      0xb1e Drivers/STM32F1xx_HAL_Driver/Src/stm32f1xx_ll_usb.o
 .debug_line    0x00007c31      0x75c Src/data_separate.o
 .debug_line    0x0000838d      0x6e4 Src/dma.o
 .debug_line    0x00008a71      0x751 Src/eeprom24xx.o
 .debug_line    0x000091c2      0x6f9 Src/gpio.o
 .debug_line    0x000098bb      0x736 Src/i2c-lcd.o
 .debug_line    0x00009ff1      0x750 Src/i2c.o
 .debug_line    0x0000a741      0x7af Src/lcd_messages.o
 .debug_line    0x0000aef0      0x7ed Src/main.o
 .debug_line    0x0000b6dd      0x6ef Src/stm32f1xx_hal_msp.o
 .debug_line    0x0000bdcc      0x7e3 Src/stm32f1xx_it.o
 .debug_line    0x0000c5af      0x724 Src/system_stm32f1xx.o
 .debug_line    0x0000ccd3      0x768 Src/usart.o
 .debug_line    0x0000d43b      0x713 Src/usb.o
 .debug_line    0x0000db4e       0x7d startup/startup_stm32f103xb.o

.debug_str      0x00000000    0x70649
 .debug_str     0x00000000    0x6d394 Drivers/STM32F1xx_HAL_Driver/Src/stm32f1xx_hal.o
                              0x6d721 (size before relaxing)
 .debug_str     0x0006d394      0x2e1 Drivers/STM32F1xx_HAL_Driver/Src/stm32f1xx_hal_cortex.o
                              0x6d676 (size before relaxing)
 .debug_str     0x0006d675      0x3e6 Drivers/STM32F1xx_HAL_Driver/Src/stm32f1xx_hal_dma.o
                              0x6d3da (size before relaxing)
 .debug_str     0x0006da5b      0x3a5 Drivers/STM32F1xx_HAL_Driver/Src/stm32f1xx_hal_gpio.o
                              0x6d3bd (size before relaxing)
 .debug_str     0x0006de00      0xcd6 Drivers/STM32F1xx_HAL_Driver/Src/stm32f1xx_hal_i2c.o
                              0x6def6 (size before relaxing)
 .debug_str     0x0006ead6      0x7e1 Drivers/STM32F1xx_HAL_Driver/Src/stm32f1xx_hal_pcd.o
                              0x6d82b (size before relaxing)
 .debug_str     0x0006f2b7      0x348 Drivers/STM32F1xx_HAL_Driver/Src/stm32f1xx_hal_rcc.o
                              0x6d412 (size before relaxing)
 .debug_str     0x0006f5ff      0x12b Drivers/STM32F1xx_HAL_Driver/Src/stm32f1xx_hal_rcc_ex.o
                              0x6d19e (size before relaxing)
 .debug_str     0x0006f72a      0x6bf Drivers/STM32F1xx_HAL_Driver/Src/stm32f1xx_hal_uart.o
                              0x6d92b (size before relaxing)
 .debug_str     0x0006fde9      0x14f Drivers/STM32F1xx_HAL_Driver/Src/stm32f1xx_ll_usb.o
                              0x6d4cd (size before relaxing)
 .debug_str     0x0006ff38      0x1c8 Src/data_separate.o
                              0x6d136 (size before relaxing)
 .debug_str     0x00070100       0x22 Src/dma.o
                              0x6d2b3 (size before relaxing)
 .debug_str     0x00070122      0x103 Src/eeprom24xx.o
                              0x6d554 (size before relaxing)
 .debug_str     0x00070225       0x35 Src/gpio.o
                              0x6d051 (size before relaxing)
 .debug_str     0x0007025a       0x71 Src/i2c-lcd.o
                              0x6d44c (size before relaxing)
 .debug_str     0x000702cb       0x4d Src/i2c.o
                              0x6d87e (size before relaxing)
 .debug_str     0x00070318       0x76 Src/lcd_messages.o
                              0x6d054 (size before relaxing)
 .debug_str     0x0007038e       0xa2 Src/main.o
                              0x6df91 (size before relaxing)
 .debug_str     0x00070430       0x1b Src/stm32f1xx_hal_msp.o
                              0x6d2f0 (size before relaxing)
 .debug_str     0x0007044b      0x134 Src/stm32f1xx_it.o
                              0x6d71d (size before relaxing)
 .debug_str     0x0007057f       0x69 Src/system_stm32f1xx.o
                              0x6d05a (size before relaxing)
 .debug_str     0x000705e8       0x1a Src/usart.o
                              0x6d758 (size before relaxing)
 .debug_str     0x00070602       0x17 Src/usb.o
                              0x6d330 (size before relaxing)
 .debug_str     0x00070619       0x30 startup/startup_stm32f103xb.o
                                 0x4c (size before relaxing)

.comment        0x00000000       0x7e
 .comment       0x00000000       0x7e Drivers/STM32F1xx_HAL_Driver/Src/stm32f1xx_hal.o
                                 0x7f (size before relaxing)
 .comment       0x0000007e       0x7f Drivers/STM32F1xx_HAL_Driver/Src/stm32f1xx_hal_cortex.o
 .comment       0x0000007e       0x7f Drivers/STM32F1xx_HAL_Driver/Src/stm32f1xx_hal_dma.o
 .comment       0x0000007e       0x7f Drivers/STM32F1xx_HAL_Driver/Src/stm32f1xx_hal_gpio.o
 .comment       0x0000007e       0x7f Drivers/STM32F1xx_HAL_Driver/Src/stm32f1xx_hal_i2c.o
 .comment       0x0000007e       0x7f Drivers/STM32F1xx_HAL_Driver/Src/stm32f1xx_hal_pcd.o
 .comment       0x0000007e       0x7f Drivers/STM32F1xx_HAL_Driver/Src/stm32f1xx_hal_rcc.o
 .comment       0x0000007e       0x7f Drivers/STM32F1xx_HAL_Driver/Src/stm32f1xx_hal_rcc_ex.o
 .comment       0x0000007e       0x7f Drivers/STM32F1xx_HAL_Driver/Src/stm32f1xx_hal_uart.o
 .comment       0x0000007e       0x7f Drivers/STM32F1xx_HAL_Driver/Src/stm32f1xx_ll_usb.o
 .comment       0x0000007e       0x7f Src/data_separate.o
 .comment       0x0000007e       0x7f Src/dma.o
 .comment       0x0000007e       0x7f Src/eeprom24xx.o
 .comment       0x0000007e       0x7f Src/gpio.o
 .comment       0x0000007e       0x7f Src/i2c-lcd.o
 .comment       0x0000007e       0x7f Src/i2c.o
 .comment       0x0000007e       0x7f Src/lcd_messages.o
 .comment       0x0000007e       0x7f Src/main.o
 .comment       0x0000007e       0x7f Src/stm32f1xx_hal_msp.o
 .comment       0x0000007e       0x7f Src/stm32f1xx_it.o
 .comment       0x0000007e       0x7f Src/system_stm32f1xx.o
 .comment       0x0000007e       0x7f Src/usart.o
 .comment       0x0000007e       0x7f Src/usb.o

.debug_frame    0x00000000     0x2038
 .debug_frame   0x00000000      0x1ac Drivers/STM32F1xx_HAL_Driver/Src/stm32f1xx_hal.o
 .debug_frame   0x000001ac      0x164 Drivers/STM32F1xx_HAL_Driver/Src/stm32f1xx_hal_cortex.o
 .debug_frame   0x00000310      0x154 Drivers/STM32F1xx_HAL_Driver/Src/stm32f1xx_hal_dma.o
 .debug_frame   0x00000464       0xfc Drivers/STM32F1xx_HAL_Driver/Src/stm32f1xx_hal_gpio.o
 .debug_frame   0x00000560      0x87c Drivers/STM32F1xx_HAL_Driver/Src/stm32f1xx_hal_i2c.o
 .debug_frame   0x00000ddc      0x300 Drivers/STM32F1xx_HAL_Driver/Src/stm32f1xx_hal_pcd.o
 .debug_frame   0x000010dc      0x18c Drivers/STM32F1xx_HAL_Driver/Src/stm32f1xx_hal_rcc.o
 .debug_frame   0x00001268       0x6c Drivers/STM32F1xx_HAL_Driver/Src/stm32f1xx_hal_rcc_ex.o
 .debug_frame   0x000012d4      0x510 Drivers/STM32F1xx_HAL_Driver/Src/stm32f1xx_hal_uart.o
 .debug_frame   0x000017e4      0x23c Drivers/STM32F1xx_HAL_Driver/Src/stm32f1xx_ll_usb.o
 .debug_frame   0x00001a20       0x9c Src/data_separate.o
 .debug_frame   0x00001abc       0x2c Src/dma.o
 .debug_frame   0x00001ae8       0x68 Src/eeprom24xx.o
 .debug_frame   0x00001b50       0x38 Src/gpio.o
 .debug_frame   0x00001b88       0x78 Src/i2c-lcd.o
 .debug_frame   0x00001c00       0x64 Src/i2c.o
 .debug_frame   0x00001c64       0xc0 Src/lcd_messages.o
 .debug_frame   0x00001d24       0x88 Src/main.o
 .debug_frame   0x00001dac       0x2c Src/stm32f1xx_hal_msp.o
 .debug_frame   0x00001dd8      0x138 Src/stm32f1xx_it.o
 .debug_frame   0x00001f10       0x30 Src/system_stm32f1xx.o
 .debug_frame   0x00001f40       0x7c Src/usart.o
 .debug_frame   0x00001fbc       0x50 Src/usb.o
 .debug_frame   0x0000200c       0x2c c:/ac6/systemworkbench/plugins/fr.ac6.mcu.externaltools.arm-none.win32_1.16.0.201807130628/tools/compiler/bin/../lib/gcc/arm-none-eabi/7.2.1/../../../../arm-none-eabi/lib/thumb/v7-m\libc_nano.a(lib_a-init.o)
