Archive member included to satisfy reference by file (symbol)

c:/ac6/systemworkbench/plugins/fr.ac6.mcu.externaltools.arm-none.win32_1.16.0.201807130628/tools/compiler/bin/../lib/gcc/arm-none-eabi/7.2.1/../../../../arm-none-eabi/lib/thumb/v7-m\libc_nano.a(lib_a-exit.o)
                              c:/ac6/systemworkbench/plugins/fr.ac6.mcu.externaltools.arm-none.win32_1.16.0.201807130628/tools/compiler/bin/../lib/gcc/arm-none-eabi/7.2.1/../../../../arm-none-eabi/lib/thumb/v7-m/crt0.o (exit)
c:/ac6/systemworkbench/plugins/fr.ac6.mcu.externaltools.arm-none.win32_1.16.0.201807130628/tools/compiler/bin/../lib/gcc/arm-none-eabi/7.2.1/../../../../arm-none-eabi/lib/thumb/v7-m\libc_nano.a(lib_a-impure.o)
                              c:/ac6/systemworkbench/plugins/fr.ac6.mcu.externaltools.arm-none.win32_1.16.0.201807130628/tools/compiler/bin/../lib/gcc/arm-none-eabi/7.2.1/../../../../arm-none-eabi/lib/thumb/v7-m\libc_nano.a(lib_a-exit.o) (_global_impure_ptr)
c:/ac6/systemworkbench/plugins/fr.ac6.mcu.externaltools.arm-none.win32_1.16.0.201807130628/tools/compiler/bin/../lib/gcc/arm-none-eabi/7.2.1/../../../../arm-none-eabi/lib/thumb/v7-m\libc_nano.a(lib_a-init.o)
                              c:/ac6/systemworkbench/plugins/fr.ac6.mcu.externaltools.arm-none.win32_1.16.0.201807130628/tools/compiler/bin/../lib/gcc/arm-none-eabi/7.2.1/../../../../arm-none-eabi/lib/thumb/v7-m/crt0.o (__libc_init_array)
c:/ac6/systemworkbench/plugins/fr.ac6.mcu.externaltools.arm-none.win32_1.16.0.201807130628/tools/compiler/bin/../lib/gcc/arm-none-eabi/7.2.1/../../../../arm-none-eabi/lib/thumb/v7-m\libc_nano.a(lib_a-memset.o)
                              c:/ac6/systemworkbench/plugins/fr.ac6.mcu.externaltools.arm-none.win32_1.16.0.201807130628/tools/compiler/bin/../lib/gcc/arm-none-eabi/7.2.1/../../../../arm-none-eabi/lib/thumb/v7-m/crt0.o (memset)
c:/ac6/systemworkbench/plugins/fr.ac6.mcu.externaltools.arm-none.win32_1.16.0.201807130628/tools/compiler/bin/../lib/gcc/arm-none-eabi/7.2.1/../../../../arm-none-eabi/lib/thumb/v7-m\libc_nano.a(lib_a-strlen.o)
                              Src/main.o (strlen)
c:/ac6/systemworkbench/plugins/fr.ac6.mcu.externaltools.arm-none.win32_1.16.0.201807130628/tools/compiler/bin/../lib/gcc/arm-none-eabi/7.2.1/../../../../arm-none-eabi/lib/thumb/v7-m\libnosys.a(_exit.o)
                              c:/ac6/systemworkbench/plugins/fr.ac6.mcu.externaltools.arm-none.win32_1.16.0.201807130628/tools/compiler/bin/../lib/gcc/arm-none-eabi/7.2.1/../../../../arm-none-eabi/lib/thumb/v7-m\libc_nano.a(lib_a-exit.o) (_exit)

Allocating common symbols
Common symbol       size              file

huart3              0x40              Src/usart.o
hdma_i2c1_tx        0x44              Src/i2c.o
hi2c1               0x54              Src/i2c.o
uwTick              0x4               Drivers/STM32F1xx_HAL_Driver/Src/stm32f1xx_hal.o
pFlash              0x20              Drivers/STM32F1xx_HAL_Driver/Src/stm32f1xx_hal_flash.o
HC06_rx_buffer      0x28              Src/hc06.o
huart1              0x40              Src/usart.o
hdma_i2c1_rx        0x44              Src/i2c.o
HC06_msg            0x28              Src/hc06.o
hpcd_USB_FS         0x460             Src/usb.o

Discarded input sections

 .text          0x00000000        0x0 c:/ac6/systemworkbench/plugins/fr.ac6.mcu.externaltools.arm-none.win32_1.16.0.201807130628/tools/compiler/bin/../lib/gcc/arm-none-eabi/7.2.1/thumb/v7-m/crti.o
 .data          0x00000000        0x0 c:/ac6/systemworkbench/plugins/fr.ac6.mcu.externaltools.arm-none.win32_1.16.0.201807130628/tools/compiler/bin/../lib/gcc/arm-none-eabi/7.2.1/thumb/v7-m/crti.o
 .bss           0x00000000        0x0 c:/ac6/systemworkbench/plugins/fr.ac6.mcu.externaltools.arm-none.win32_1.16.0.201807130628/tools/compiler/bin/../lib/gcc/arm-none-eabi/7.2.1/thumb/v7-m/crti.o
 .data          0x00000000        0x4 c:/ac6/systemworkbench/plugins/fr.ac6.mcu.externaltools.arm-none.win32_1.16.0.201807130628/tools/compiler/bin/../lib/gcc/arm-none-eabi/7.2.1/thumb/v7-m/crtbegin.o
 .text          0x00000000       0x74 c:/ac6/systemworkbench/plugins/fr.ac6.mcu.externaltools.arm-none.win32_1.16.0.201807130628/tools/compiler/bin/../lib/gcc/arm-none-eabi/7.2.1/../../../../arm-none-eabi/lib/thumb/v7-m/crt0.o
 .data          0x00000000        0x0 c:/ac6/systemworkbench/plugins/fr.ac6.mcu.externaltools.arm-none.win32_1.16.0.201807130628/tools/compiler/bin/../lib/gcc/arm-none-eabi/7.2.1/../../../../arm-none-eabi/lib/thumb/v7-m/crt0.o
 .bss           0x00000000        0x0 c:/ac6/systemworkbench/plugins/fr.ac6.mcu.externaltools.arm-none.win32_1.16.0.201807130628/tools/compiler/bin/../lib/gcc/arm-none-eabi/7.2.1/../../../../arm-none-eabi/lib/thumb/v7-m/crt0.o
 .ARM.extab     0x00000000        0x0 c:/ac6/systemworkbench/plugins/fr.ac6.mcu.externaltools.arm-none.win32_1.16.0.201807130628/tools/compiler/bin/../lib/gcc/arm-none-eabi/7.2.1/../../../../arm-none-eabi/lib/thumb/v7-m/crt0.o
[...]
Memory Configuration

Name             Origin             Length             Attributes
RAM              0x20000000         0x00005000         xrw
FLASH            0x08000000         0x00010000         xr
*default*        0x00000000         0xffffffff

Linker script and memory map

LOAD c:/ac6/systemworkbench/plugins/fr.ac6.mcu.externaltools.arm-none.win32_1.16.0.201807130628/tools/compiler/bin/../lib/gcc/arm-none-eabi/7.2.1/thumb/v7-m/crti.o
LOAD c:/ac6/systemworkbench/plugins/fr.ac6.mcu.externaltools.arm-none.win32_1.16.0.201807130628/tools/compiler/bin/../lib/gcc/arm-none-eabi/7.2.1/thumb/v7-m/crtbegin.o
LOAD c:/ac6/systemworkbench/plugins/fr.ac6.mcu.externaltools.arm-none.win32_1.16.0.201807130628/tools/compiler/bin/../lib/gcc/arm-none-eabi/7.2.1/../../../../arm-none-eabi/lib/thumb/v7-m/crt0.o
LOAD Drivers/STM32F1xx_HAL_Driver/Src/stm32f1xx_hal.o
LOAD Drivers/STM32F1xx_HAL_Driver/Src/stm32f1xx_hal_cortex.o
LOAD Drivers/STM32F1xx_HAL_Driver/Src/stm32f1xx_hal_dma.o
LOAD Drivers/STM32F1xx_HAL_Driver/Src/stm32f1xx_hal_flash.o
LOAD Drivers/STM32F1xx_HAL_Driver/Src/stm32f1xx_hal_flash_ex.o
LOAD Drivers/STM32F1xx_HAL_Driver/Src/stm32f1xx_hal_gpio.o
LOAD Drivers/STM32F1xx_HAL_Driver/Src/stm32f1xx_hal_gpio_ex.o
LOAD Drivers/STM32F1xx_HAL_Driver/Src/stm32f1xx_hal_i2c.o
LOAD Drivers/STM32F1xx_HAL_Driver/Src/stm32f1xx_hal_pcd.o
LOAD Drivers/STM32F1xx_HAL_Driver/Src/stm32f1xx_hal_pcd_ex.o
LOAD Drivers/STM32F1xx_HAL_Driver/Src/stm32f1xx_hal_pwr.o
LOAD Drivers/STM32F1xx_HAL_Driver/Src/stm32f1xx_hal_rcc.o
LOAD Drivers/STM32F1xx_HAL_Driver/Src/stm32f1xx_hal_rcc_ex.o
LOAD Drivers/STM32F1xx_HAL_Driver/Src/stm32f1xx_hal_tim.o
LOAD Drivers/STM32F1xx_HAL_Driver/Src/stm32f1xx_hal_tim_ex.o
LOAD Drivers/STM32F1xx_HAL_Driver/Src/stm32f1xx_hal_uart.o
LOAD Drivers/STM32F1xx_HAL_Driver/Src/stm32f1xx_ll_usb.o
LOAD Src/buttons.o
LOAD Src/dma.o
LOAD Src/eeprom24xx.o
LOAD Src/gpio.o
LOAD Src/hc06.o
LOAD Src/i2c-lcd.o
LOAD Src/i2c.o
LOAD Src/main.o
LOAD Src/mode.o
LOAD Src/stm32f1xx_hal_msp.o
LOAD Src/stm32f1xx_it.o
LOAD Src/system_stm32f1xx.o
LOAD Src/usart.o
LOAD Src/usb.o
LOAD startup/startup_stm32f103xb.o
LOAD c:/ac6/systemworkbench/plugins/fr.ac6.mcu.externaltools.arm-none.win32_1.16.0.201807130628/tools/compiler/bin/../lib/gcc/arm-none-eabi/7.2.1/../../../../arm-none-eabi/lib/thumb/v7-m\libm.a
START GROUP
LOAD c:/ac6/systemworkbench/plugins/fr.ac6.mcu.externaltools.arm-none.win32_1.16.0.201807130628/tools/compiler/bin/../lib/gcc/arm-none-eabi/7.2.1/thumb/v7-m\libgcc.a
LOAD c:/ac6/systemworkbench/plugins/fr.ac6.mcu.externaltools.arm-none.win32_1.16.0.201807130628/tools/compiler/bin/../lib/gcc/arm-none-eabi/7.2.1/../../../../arm-none-eabi/lib/thumb/v7-m\libc_nano.a
END GROUP
START GROUP
LOAD c:/ac6/systemworkbench/plugins/fr.ac6.mcu.externaltools.arm-none.win32_1.16.0.201807130628/tools/compiler/bin/../lib/gcc/arm-none-eabi/7.2.1/thumb/v7-m\libgcc.a
LOAD c:/ac6/systemworkbench/plugins/fr.ac6.mcu.externaltools.arm-none.win32_1.16.0.201807130628/tools/compiler/bin/../lib/gcc/arm-none-eabi/7.2.1/../../../../arm-none-eabi/lib/thumb/v7-m\libc_nano.a
LOAD c:/ac6/systemworkbench/plugins/fr.ac6.mcu.externaltools.arm-none.win32_1.16.0.201807130628/tools/compiler/bin/../lib/gcc/arm-none-eabi/7.2.1/../../../../arm-none-eabi/lib/thumb/v7-m\libnosys.a
END GROUP
START GROUP
LOAD c:/ac6/systemworkbench/plugins/fr.ac6.mcu.externaltools.arm-none.win32_1.16.0.201807130628/tools/compiler/bin/../lib/gcc/arm-none-eabi/7.2.1/thumb/v7-m\libgcc.a
LOAD c:/ac6/systemworkbench/plugins/fr.ac6.mcu.externaltools.arm-none.win32_1.16.0.201807130628/tools/compiler/bin/../lib/gcc/arm-none-eabi/7.2.1/../../../../arm-none-eabi/lib/thumb/v7-m\libc_nano.a
LOAD c:/ac6/systemworkbench/plugins/fr.ac6.mcu.externaltools.arm-none.win32_1.16.0.201807130628/tools/compiler/bin/../lib/gcc/arm-none-eabi/7.2.1/../../../../arm-none-eabi/lib/thumb/v7-m\libnosys.a
END GROUP
LOAD c:/ac6/systemworkbench/plugins/fr.ac6.mcu.externaltools.arm-none.win32_1.16.0.201807130628/tools/compiler/bin/../lib/gcc/arm-none-eabi/7.2.1/thumb/v7-m/crtend.o
LOAD c:/ac6/systemworkbench/plugins/fr.ac6.mcu.externaltools.arm-none.win32_1.16.0.201807130628/tools/compiler/bin/../lib/gcc/arm-none-eabi/7.2.1/thumb/v7-m/crtn.o
                0x20005000                _estack = 0x20005000
                0x00000200                _Min_Heap_Size = 0x200
                0x00000400                _Min_Stack_Size = 0x400

.isr_vector     0x08000000      0x10c
                0x08000000                . = ALIGN (0x4)
 *(.isr_vector)
 .isr_vector    0x08000000      0x10c startup/startup_stm32f103xb.o
                0x08000000                g_pfnVectors
                0x0800010c                . = ALIGN (0x4)

.text           0x0800010c     0x39cc
                0x0800010c                . = ALIGN (0x4)
 *(.text)
 .text          0x0800010c       0x40 c:/ac6/systemworkbench/plugins/fr.ac6.mcu.externaltools.arm-none.win32_1.16.0.201807130628/tools/compiler/bin/../lib/gcc/arm-none-eabi/7.2.1/thumb/v7-m/crtbegin.o
 .text          0x0800014c       0x10 c:/ac6/systemworkbench/plugins/fr.ac6.mcu.externaltools.arm-none.win32_1.16.0.201807130628/tools/compiler/bin/../lib/gcc/arm-none-eabi/7.2.1/../../../../arm-none-eabi/lib/thumb/v7-m\libc_nano.a(lib_a-strlen.o)
                0x0800014c                strlen
 *(.text*)
 .text.HAL_InitTick
                0x0800015c       0x48 Drivers/STM32F1xx_HAL_Driver/Src/stm32f1xx_hal.o
                0x0800015c                HAL_InitTick
 .text.HAL_Init
                0x080001a4       0x24 Drivers/STM32F1xx_HAL_Driver/Src/stm32f1xx_hal.o
                0x080001a4                HAL_Init
 .text.HAL_IncTick
                0x080001c8       0x18 Drivers/STM32F1xx_HAL_Driver/Src/stm32f1xx_hal.o
                0x080001c8                HAL_IncTick
 .text.HAL_GetTick
                0x080001e0        0xc Drivers/STM32F1xx_HAL_Driver/Src/stm32f1xx_hal.o
                0x080001e0                HAL_GetTick
 .text.HAL_Delay
                0x080001ec       0x28 Drivers/STM32F1xx_HAL_Driver/Src/stm32f1xx_hal.o
                0x080001ec                HAL_Delay
 .text.HAL_NVIC_SetPriorityGrouping
                0x08000214       0x3c Drivers/STM32F1xx_HAL_Driver/Src/stm32f1xx_hal_cortex.o
                0x08000214                HAL_NVIC_SetPriorityGrouping
 .text.HAL_NVIC_SetPriority
                0x08000250       0x8c Drivers/STM32F1xx_HAL_Driver/Src/stm32f1xx_hal_cortex.o
                0x08000250                HAL_NVIC_SetPriority
 .text.HAL_NVIC_EnableIRQ
                0x080002dc       0x2c Drivers/STM32F1xx_HAL_Driver/Src/stm32f1xx_hal_cortex.o
                0x080002dc                HAL_NVIC_EnableIRQ
 .text.HAL_SYSTICK_Config
                0x08000308       0x2c Drivers/STM32F1xx_HAL_Driver/Src/stm32f1xx_hal_cortex.o
                0x08000308                HAL_SYSTICK_Config
 .text.HAL_SYSTICK_CLKSourceConfig
                0x08000334       0x3c Drivers/STM32F1xx_HAL_Driver/Src/stm32f1xx_hal_cortex.o
                0x08000334                HAL_SYSTICK_CLKSourceConfig
 .text.HAL_SYSTICK_Callback
                0x08000370        0x2 Drivers/STM32F1xx_HAL_Driver/Src/stm32f1xx_hal_cortex.o
                0x08000370                HAL_SYSTICK_Callback
 .text.HAL_SYSTICK_IRQHandler
                0x08000372        0x8 Drivers/STM32F1xx_HAL_Driver/Src/stm32f1xx_hal_cortex.o
                0x08000372                HAL_SYSTICK_IRQHandler
 *fill*         0x0800037a        0x2 
 .text.HAL_DMA_Init
                0x0800037c      0x158 Drivers/STM32F1xx_HAL_Driver/Src/stm32f1xx_hal_dma.o
                0x0800037c                HAL_DMA_Init
 .text.HAL_DMA_Abort_IT
                0x080004d4       0x98 Drivers/STM32F1xx_HAL_Driver/Src/stm32f1xx_hal_dma.o
                0x080004d4                HAL_DMA_Abort_IT
 .text.HAL_DMA_IRQHandler
                0x0800056c      0x144 Drivers/STM32F1xx_HAL_Driver/Src/stm32f1xx_hal_dma.o
                0x0800056c                HAL_DMA_IRQHandler
 .text.HAL_GPIO_Init
                0x080006b0      0x31c Drivers/STM32F1xx_HAL_Driver/Src/stm32f1xx_hal_gpio.o
                0x080006b0                HAL_GPIO_Init
 .text.HAL_GPIO_ReadPin
                0x080009cc       0x28 Drivers/STM32F1xx_HAL_Driver/Src/stm32f1xx_hal_gpio.o
                0x080009cc                HAL_GPIO_ReadPin
 .text.HAL_GPIO_WritePin
                0x080009f4       0x38 Drivers/STM32F1xx_HAL_Driver/Src/stm32f1xx_hal_gpio.o
                0x080009f4                HAL_GPIO_WritePin
 .text.HAL_GPIO_TogglePin
                0x08000a2c       0x20 Drivers/STM32F1xx_HAL_Driver/Src/stm32f1xx_hal_gpio.o
                0x08000a2c                HAL_GPIO_TogglePin
 .text.I2C_Master_SB
                0x08000a4c       0x8a Drivers/STM32F1xx_HAL_Driver/Src/stm32f1xx_hal_i2c.o
 .text.I2C_Master_ADD10
                0x08000ad6        0xc Drivers/STM32F1xx_HAL_Driver/Src/stm32f1xx_hal_i2c.o
 .text.I2C_Master_ADDR
                0x08000ae2      0x1da Drivers/STM32F1xx_HAL_Driver/Src/stm32f1xx_hal_i2c.o
 .text.I2C_SlaveTransmit_BTF
                0x08000cbc       0x1e Drivers/STM32F1xx_HAL_Driver/Src/stm32f1xx_hal_i2c.o
 .text.I2C_SlaveReceive_BTF
                0x08000cda       0x1e Drivers/STM32F1xx_HAL_Driver/Src/stm32f1xx_hal_i2c.o
 .text.I2C_IsAcknowledgeFailed
                0x08000cf8       0x2a Drivers/STM32F1xx_HAL_Driver/Src/stm32f1xx_hal_i2c.o
 .text.I2C_WaitOnFlagUntilTimeout
                0x08000d22       0x68 Drivers/STM32F1xx_HAL_Driver/Src/stm32f1xx_hal_i2c.o
 .text.I2C_WaitOnMasterAddressFlagUntilTimeout
                0x08000d8a       0x90 Drivers/STM32F1xx_HAL_Driver/Src/stm32f1xx_hal_i2c.o
 *fill*         0x08000e1a        0x2 
 .text.I2C_MasterRequestWrite
                0x08000e1c       0xbc Drivers/STM32F1xx_HAL_Driver/Src/stm32f1xx_hal_i2c.o
 .text.I2C_WaitOnTXEFlagUntilTimeout
                0x08000ed8       0x4e Drivers/STM32F1xx_HAL_Driver/Src/stm32f1xx_hal_i2c.o
 *fill*         0x08000f26        0x2 
 .text.I2C_RequestMemoryRead
                0x08000f28      0x148 Drivers/STM32F1xx_HAL_Driver/Src/stm32f1xx_hal_i2c.o
 .text.I2C_WaitOnBTFFlagUntilTimeout
                0x08001070       0x4e Drivers/STM32F1xx_HAL_Driver/Src/stm32f1xx_hal_i2c.o
 .text.I2C_WaitOnRXNEFlagUntilTimeout
                0x080010be       0x5c Drivers/STM32F1xx_HAL_Driver/Src/stm32f1xx_hal_i2c.o
 *fill*         0x0800111a        0x2 
 .text.HAL_I2C_Init
                0x0800111c      0x23c Drivers/STM32F1xx_HAL_Driver/Src/stm32f1xx_hal_i2c.o
                0x0800111c                HAL_I2C_Init
 .text.HAL_I2C_Master_Transmit
                0x08001358      0x184 Drivers/STM32F1xx_HAL_Driver/Src/stm32f1xx_hal_i2c.o
                0x08001358                HAL_I2C_Master_Transmit
 .text.HAL_I2C_Mem_Read
                0x080014dc      0x318 Drivers/STM32F1xx_HAL_Driver/Src/stm32f1xx_hal_i2c.o
                0x080014dc                HAL_I2C_Mem_Read
 .text.HAL_I2C_IsDeviceReady
                0x080017f4      0x18c Drivers/STM32F1xx_HAL_Driver/Src/stm32f1xx_hal_i2c.o
                0x080017f4                HAL_I2C_IsDeviceReady
 .text.HAL_I2C_MasterTxCpltCallback
                0x08001980        0x2 Drivers/STM32F1xx_HAL_Driver/Src/stm32f1xx_hal_i2c.o
                0x08001980                HAL_I2C_MasterTxCpltCallback
 .text.HAL_I2C_MasterRxCpltCallback
                0x08001982        0x2 Drivers/STM32F1xx_HAL_Driver/Src/stm32f1xx_hal_i2c.o
                0x08001982                HAL_I2C_MasterRxCpltCallback
 .text.HAL_I2C_SlaveTxCpltCallback
                0x08001984        0x2 Drivers/STM32F1xx_HAL_Driver/Src/stm32f1xx_hal_i2c.o
                0x08001984                HAL_I2C_SlaveTxCpltCallback
 .text.I2C_SlaveTransmit_TXE
                0x08001986       0x4a Drivers/STM32F1xx_HAL_Driver/Src/stm32f1xx_hal_i2c.o
 .text.HAL_I2C_SlaveRxCpltCallback
                0x080019d0        0x2 Drivers/STM32F1xx_HAL_Driver/Src/stm32f1xx_hal_i2c.o
                0x080019d0                HAL_I2C_SlaveRxCpltCallback
 .text.I2C_SlaveReceive_RXNE
                0x080019d2       0x4e Drivers/STM32F1xx_HAL_Driver/Src/stm32f1xx_hal_i2c.o
 .text.HAL_I2C_AddrCallback
                0x08001a20        0x2 Drivers/STM32F1xx_HAL_Driver/Src/stm32f1xx_hal_i2c.o
                0x08001a20                HAL_I2C_AddrCallback
 .text.I2C_Slave_ADDR
                0x08001a22       0x28 Drivers/STM32F1xx_HAL_Driver/Src/stm32f1xx_hal_i2c.o
 .text.HAL_I2C_ListenCpltCallback
                0x08001a4a        0x2 Drivers/STM32F1xx_HAL_Driver/Src/stm32f1xx_hal_i2c.o
                0x08001a4a                HAL_I2C_ListenCpltCallback
 .text.I2C_Slave_AF
                0x08001a4c       0x94 Drivers/STM32F1xx_HAL_Driver/Src/stm32f1xx_hal_i2c.o
 .text.HAL_I2C_MemTxCpltCallback
                0x08001ae0        0x2 Drivers/STM32F1xx_HAL_Driver/Src/stm32f1xx_hal_i2c.o
                0x08001ae0                HAL_I2C_MemTxCpltCallback
 .text.I2C_MasterTransmit_TXE
                0x08001ae2      0x146 Drivers/STM32F1xx_HAL_Driver/Src/stm32f1xx_hal_i2c.o
 .text.I2C_MasterTransmit_BTF
                0x08001c28       0x9c Drivers/STM32F1xx_HAL_Driver/Src/stm32f1xx_hal_i2c.o
 .text.HAL_I2C_MemRxCpltCallback
                0x08001cc4        0x2 Drivers/STM32F1xx_HAL_Driver/Src/stm32f1xx_hal_i2c.o
                0x08001cc4                HAL_I2C_MemRxCpltCallback
 .text.I2C_MasterReceive_RXNE
                0x08001cc6       0xcc Drivers/STM32F1xx_HAL_Driver/Src/stm32f1xx_hal_i2c.o
 .text.I2C_MasterReceive_BTF
                0x08001d92       0xf6 Drivers/STM32F1xx_HAL_Driver/Src/stm32f1xx_hal_i2c.o
 .text.HAL_I2C_ErrorCallback
                0x08001e88        0x2 Drivers/STM32F1xx_HAL_Driver/Src/stm32f1xx_hal_i2c.o
                0x08001e88                HAL_I2C_ErrorCallback
 .text.HAL_I2C_AbortCpltCallback
                0x08001e8a        0x2 Drivers/STM32F1xx_HAL_Driver/Src/stm32f1xx_hal_i2c.o
                0x08001e8a                HAL_I2C_AbortCpltCallback
 .text.I2C_ITError
                0x08001e8c      0x148 Drivers/STM32F1xx_HAL_Driver/Src/stm32f1xx_hal_i2c.o
 .text.I2C_Slave_STOPF
                0x08001fd4      0x100 Drivers/STM32F1xx_HAL_Driver/Src/stm32f1xx_hal_i2c.o
 .text.HAL_I2C_EV_IRQHandler
                0x080020d4      0x168 Drivers/STM32F1xx_HAL_Driver/Src/stm32f1xx_hal_i2c.o
                0x080020d4                HAL_I2C_EV_IRQHandler
 .text.HAL_I2C_ER_IRQHandler
                0x0800223c       0xdc Drivers/STM32F1xx_HAL_Driver/Src/stm32f1xx_hal_i2c.o
                0x0800223c                HAL_I2C_ER_IRQHandler
 .text.I2C_DMAAbort
                0x08002318       0x5e Drivers/STM32F1xx_HAL_Driver/Src/stm32f1xx_hal_i2c.o
 *fill*         0x08002376        0x2 
 .text.HAL_PCD_Init
                0x08002378       0xf0 Drivers/STM32F1xx_HAL_Driver/Src/stm32f1xx_hal_pcd.o
                0x08002378                HAL_PCD_Init
 .text.RCC_Delay
                0x08002468       0x2c Drivers/STM32F1xx_HAL_Driver/Src/stm32f1xx_hal_rcc.o
 .text.HAL_RCC_OscConfig
                0x08002494      0x520 Drivers/STM32F1xx_HAL_Driver/Src/stm32f1xx_hal_rcc.o
                0x08002494                HAL_RCC_OscConfig
 .text.HAL_RCC_GetSysClockFreq
                0x080029b4       0x70 Drivers/STM32F1xx_HAL_Driver/Src/stm32f1xx_hal_rcc.o
                0x080029b4                HAL_RCC_GetSysClockFreq
 .text.HAL_RCC_ClockConfig
                0x08002a24      0x240 Drivers/STM32F1xx_HAL_Driver/Src/stm32f1xx_hal_rcc.o
                0x08002a24                HAL_RCC_ClockConfig
 .text.HAL_RCC_GetHCLKFreq
                0x08002c64        0xc Drivers/STM32F1xx_HAL_Driver/Src/stm32f1xx_hal_rcc.o
                0x08002c64                HAL_RCC_GetHCLKFreq
 .text.HAL_RCC_GetPCLK1Freq
                0x08002c70       0x20 Drivers/STM32F1xx_HAL_Driver/Src/stm32f1xx_hal_rcc.o
                0x08002c70                HAL_RCC_GetPCLK1Freq
 .text.HAL_RCC_GetPCLK2Freq
                0x08002c90       0x20 Drivers/STM32F1xx_HAL_Driver/Src/stm32f1xx_hal_rcc.o
                0x08002c90                HAL_RCC_GetPCLK2Freq
 .text.HAL_RCCEx_PeriphCLKConfig
                0x08002cb0      0x180 Drivers/STM32F1xx_HAL_Driver/Src/stm32f1xx_hal_rcc_ex.o
                0x08002cb0                HAL_RCCEx_PeriphCLKConfig
 .text.UART_SetConfig
                0x08002e30      0x214 Drivers/STM32F1xx_HAL_Driver/Src/stm32f1xx_hal_uart.o
 .text.HAL_UART_Init
                0x08003044       0xec Drivers/STM32F1xx_HAL_Driver/Src/stm32f1xx_hal_uart.o
                0x08003044                HAL_UART_Init
 .text.USB_CoreInit
                0x08003130        0xe Drivers/STM32F1xx_HAL_Driver/Src/stm32f1xx_ll_usb.o
                0x08003130                USB_CoreInit
 .text.USB_EnableGlobalInt
                0x0800313e       0x10 Drivers/STM32F1xx_HAL_Driver/Src/stm32f1xx_ll_usb.o
                0x0800313e                USB_EnableGlobalInt
 .text.USB_DisableGlobalInt
                0x0800314e       0x14 Drivers/STM32F1xx_HAL_Driver/Src/stm32f1xx_ll_usb.o
                0x0800314e                USB_DisableGlobalInt
 .text.USB_SetCurrentMode
                0x08003162        0x4 Drivers/STM32F1xx_HAL_Driver/Src/stm32f1xx_ll_usb.o
                0x08003162                USB_SetCurrentMode
 .text.USB_DevInit
                0x08003166       0x2c Drivers/STM32F1xx_HAL_Driver/Src/stm32f1xx_ll_usb.o
                0x08003166                USB_DevInit
 .text.USB_DevDisconnect
                0x08003192        0x4 Drivers/STM32F1xx_HAL_Driver/Src/stm32f1xx_ll_usb.o
                0x08003192                USB_DevDisconnect
 *fill*         0x08003196        0x2 
 .text.MX_DMA_Init
                0x08003198       0x44 Src/dma.o
                0x08003198                MX_DMA_Init
 .text.EEPROM24XX_IsConnected
                0x080031dc       0x1c Src/eeprom24xx.o
                0x080031dc                EEPROM24XX_IsConnected
 .text.EEPROM24XX_Load
                0x080031f8       0x2c Src/eeprom24xx.o
                0x080031f8                EEPROM24XX_Load
 .text.MX_GPIO_Init
                0x08003224       0xbc Src/gpio.o
                0x08003224                MX_GPIO_Init
 .text.lcd_send_cmd
                0x080032e0       0x48 Src/i2c-lcd.o
                0x080032e0                lcd_send_cmd
 .text.lcd_send_data
                0x08003328       0x48 Src/i2c-lcd.o
                0x08003328                lcd_send_data
 .text.lcd_init
                0x08003370       0x1c Src/i2c-lcd.o
                0x08003370                lcd_init
 .text.lcd_send_string
                0x0800338c       0x14 Src/i2c-lcd.o
                0x0800338c                lcd_send_string
 .text.MX_I2C1_Init
                0x080033a0       0x44 Src/i2c.o
                0x080033a0                MX_I2C1_Init
 .text.HAL_I2C_MspInit
                0x080033e4       0xf0 Src/i2c.o
                0x080033e4                HAL_I2C_MspInit
 .text._Error_Handler
                0x080034d4        0x2 Src/main.o
                0x080034d4                _Error_Handler
 *fill*         0x080034d6        0x2 
 .text.SystemClock_Config
                0x080034d8       0xa8 Src/main.o
                0x080034d8                SystemClock_Config
 .text.main     0x08003580      0x1d0 Src/main.o
                0x08003580                main
 .text.assert_failed
                0x08003750        0x2 Src/main.o
                0x08003750                assert_failed
 *fill*         0x08003752        0x2 
 .text.HAL_MspInit
                0x08003754       0xa0 Src/stm32f1xx_hal_msp.o
                0x08003754                HAL_MspInit
 .text.NMI_Handler
                0x080037f4        0x2 Src/stm32f1xx_it.o
                0x080037f4                NMI_Handler
 .text.HardFault_Handler
                0x080037f6        0x2 Src/stm32f1xx_it.o
                0x080037f6                HardFault_Handler
 .text.MemManage_Handler
                0x080037f8        0x2 Src/stm32f1xx_it.o
                0x080037f8                MemManage_Handler
 .text.BusFault_Handler
                0x080037fa        0x2 Src/stm32f1xx_it.o
                0x080037fa                BusFault_Handler
 .text.UsageFault_Handler
                0x080037fc        0x2 Src/stm32f1xx_it.o
                0x080037fc                UsageFault_Handler
 .text.SVC_Handler
                0x080037fe        0x2 Src/stm32f1xx_it.o
                0x080037fe                SVC_Handler
 .text.DebugMon_Handler
                0x08003800        0x2 Src/stm32f1xx_it.o
                0x08003800                DebugMon_Handler
 .text.PendSV_Handler
                0x08003802        0x2 Src/stm32f1xx_it.o
                0x08003802                PendSV_Handler
 .text.SysTick_Handler
                0x08003804        0xc Src/stm32f1xx_it.o
                0x08003804                SysTick_Handler
 .text.DMA1_Channel6_IRQHandler
                0x08003810       0x10 Src/stm32f1xx_it.o
                0x08003810                DMA1_Channel6_IRQHandler
 .text.DMA1_Channel7_IRQHandler
                0x08003820       0x10 Src/stm32f1xx_it.o
                0x08003820                DMA1_Channel7_IRQHandler
 .text.I2C1_EV_IRQHandler
                0x08003830       0x10 Src/stm32f1xx_it.o
                0x08003830                I2C1_EV_IRQHandler
 .text.I2C1_ER_IRQHandler
                0x08003840       0x10 Src/stm32f1xx_it.o
                0x08003840                I2C1_ER_IRQHandler
 .text.SystemInit
                0x08003850       0x4c Src/system_stm32f1xx.o
                0x08003850                SystemInit
 .text.MX_USART1_UART_Init
                0x0800389c       0x3c Src/usart.o
                0x0800389c                MX_USART1_UART_Init
 .text.MX_USART3_UART_Init
                0x080038d8       0x3c Src/usart.o
                0x080038d8                MX_USART3_UART_Init
 .text.HAL_UART_MspInit
                0x08003914       0xb0 Src/usart.o
                0x08003914                HAL_UART_MspInit
 .text.MX_USB_PCD_Init
                0x080039c4       0x3c Src/usb.o
                0x080039c4                MX_USB_PCD_Init
 .text.HAL_PCD_MspInit
                0x08003a00       0x2c Src/usb.o
                0x08003a00                HAL_PCD_MspInit
 .text.Reset_Handler
                0x08003a2c       0x48 startup/startup_stm32f103xb.o
                0x08003a2c                Reset_Handler
 .text.Default_Handler
                0x08003a74        0x2 startup/startup_stm32f103xb.o
                0x08003a74                RTC_Alarm_IRQHandler
                0x08003a74                EXTI2_IRQHandler
                0x08003a74                TIM1_CC_IRQHandler
                0x08003a74                PVD_IRQHandler
                0x08003a74                EXTI3_IRQHandler
                0x08003a74                EXTI0_IRQHandler
                0x08003a74                I2C2_EV_IRQHandler
                0x08003a74                ADC1_2_IRQHandler
                0x08003a74                SPI1_IRQHandler
                0x08003a74                TAMPER_IRQHandler
                0x08003a74                DMA1_Channel4_IRQHandler
                0x08003a74                USART3_IRQHandler
                0x08003a74                RTC_IRQHandler
                0x08003a74                CAN1_RX1_IRQHandler
                0x08003a74                TIM4_IRQHandler
                0x08003a74                TIM3_IRQHandler
                0x08003a74                RCC_IRQHandler
                0x08003a74                TIM1_TRG_COM_IRQHandler
                0x08003a74                DMA1_Channel1_IRQHandler
                0x08003a74                Default_Handler
                0x08003a74                EXTI15_10_IRQHandler
                0x08003a74                EXTI9_5_IRQHandler
                0x08003a74                SPI2_IRQHandler
                0x08003a74                DMA1_Channel5_IRQHandler
                0x08003a74                EXTI4_IRQHandler
                0x08003a74                USB_LP_CAN1_RX0_IRQHandler
                0x08003a74                USB_HP_CAN1_TX_IRQHandler
                0x08003a74                DMA1_Channel3_IRQHandler
                0x08003a74                TIM1_UP_IRQHandler
                0x08003a74                WWDG_IRQHandler
                0x08003a74                TIM2_IRQHandler
                0x08003a74                TIM1_BRK_IRQHandler
                0x08003a74                EXTI1_IRQHandler
                0x08003a74                USART2_IRQHandler
                0x08003a74                I2C2_ER_IRQHandler
                0x08003a74                DMA1_Channel2_IRQHandler
                0x08003a74                CAN1_SCE_IRQHandler
                0x08003a74                FLASH_IRQHandler
                0x08003a74                USART1_IRQHandler
                0x08003a74                USBWakeUp_IRQHandler
 *fill*         0x08003a76        0x2 
 .text.__libc_init_array
                0x08003a78       0x48 c:/ac6/systemworkbench/plugins/fr.ac6.mcu.externaltools.arm-none.win32_1.16.0.201807130628/tools/compiler/bin/../lib/gcc/arm-none-eabi/7.2.1/../../../../arm-none-eabi/lib/thumb/v7-m\libc_nano.a(lib_a-init.o)
                0x08003a78                __libc_init_array
 *(.glue_7)
 .glue_7        0x08003ac0        0x0 linker stubs
 *(.glue_7t)
 .glue_7t       0x08003ac0        0x0 linker stubs
 *(.eh_frame)
 .eh_frame      0x08003ac0        0x0 c:/ac6/systemworkbench/plugins/fr.ac6.mcu.externaltools.arm-none.win32_1.16.0.201807130628/tools/compiler/bin/../lib/gcc/arm-none-eabi/7.2.1/thumb/v7-m/crtbegin.o
 *(.init)
 .init          0x08003ac0        0x4 c:/ac6/systemworkbench/plugins/fr.ac6.mcu.externaltools.arm-none.win32_1.16.0.201807130628/tools/compiler/bin/../lib/gcc/arm-none-eabi/7.2.1/thumb/v7-m/crti.o
                0x08003ac0                _init
 .init          0x08003ac4        0x8 c:/ac6/systemworkbench/plugins/fr.ac6.mcu.externaltools.arm-none.win32_1.16.0.201807130628/tools/compiler/bin/../lib/gcc/arm-none-eabi/7.2.1/thumb/v7-m/crtn.o
 *(.fini)
 .fini          0x08003acc        0x4 c:/ac6/systemworkbench/plugins/fr.ac6.mcu.externaltools.arm-none.win32_1.16.0.201807130628/tools/compiler/bin/../lib/gcc/arm-none-eabi/7.2.1/thumb/v7-m/crti.o
                0x08003acc                _fini
 .fini          0x08003ad0        0x8 c:/ac6/systemworkbench/plugins/fr.ac6.mcu.externaltools.arm-none.win32_1.16.0.201807130628/tools/compiler/bin/../lib/gcc/arm-none-eabi/7.2.1/thumb/v7-m/crtn.o
                0x08003ad8                . = ALIGN (0x4)
                0x08003ad8                _etext = .

.vfp11_veneer   0x08003ad8        0x0
 .vfp11_veneer  0x08003ad8        0x0 linker stubs

.v4_bx          0x08003ad8        0x0
 .v4_bx         0x08003ad8        0x0 linker stubs

.iplt           0x08003ad8        0x0
 .iplt          0x08003ad8        0x0 c:/ac6/systemworkbench/plugins/fr.ac6.mcu.externaltools.arm-none.win32_1.16.0.201807130628/tools/compiler/bin/../lib/gcc/arm-none-eabi/7.2.1/thumb/v7-m/crtbegin.o

.rodata         0x08003ad8      0x258
                0x08003ad8                . = ALIGN (0x4)
 *(.rodata)
 .rodata        0x08003ad8       0x12 Drivers/STM32F1xx_HAL_Driver/Src/stm32f1xx_hal_rcc.o
 *fill*         0x08003aea        0x2 
 .rodata        0x08003aec        0xc Src/main.o
 .rodata        0x08003af8       0x18 Src/system_stm32f1xx.o
                0x08003af8                AHBPrescTable
                0x08003b08                APBPrescTable
 *(.rodata*)
 .rodata.str1.4
                0x08003b10       0x3b Drivers/STM32F1xx_HAL_Driver/Src/stm32f1xx_hal_cortex.o
 *fill*         0x08003b4b        0x1 
 .rodata.str1.4
                0x08003b4c       0x38 Drivers/STM32F1xx_HAL_Driver/Src/stm32f1xx_hal_dma.o
 .rodata.str1.4
                0x08003b84       0x39 Drivers/STM32F1xx_HAL_Driver/Src/stm32f1xx_hal_gpio.o
 *fill*         0x08003bbd        0x3 
 .rodata.str1.4
                0x08003bc0       0x38 Drivers/STM32F1xx_HAL_Driver/Src/stm32f1xx_hal_i2c.o
 .rodata.str1.4
                0x08003bf8       0x38 Drivers/STM32F1xx_HAL_Driver/Src/stm32f1xx_hal_pcd.o
 .rodata.str1.4
                0x08003c30       0x38 Drivers/STM32F1xx_HAL_Driver/Src/stm32f1xx_hal_rcc.o
 .rodata.str1.4
                0x08003c68       0x3b Drivers/STM32F1xx_HAL_Driver/Src/stm32f1xx_hal_rcc_ex.o
 *fill*         0x08003ca3        0x1 
 .rodata.str1.4
                0x08003ca4       0x39 Drivers/STM32F1xx_HAL_Driver/Src/stm32f1xx_hal_uart.o
 *fill*         0x08003cdd        0x3 
 .rodata.str1.4
                0x08003ce0        0xd Src/i2c.o
 *fill*         0x08003ced        0x3 
 .rodata.str1.4
                0x08003cf0       0x20 Src/main.o
 .rodata.str1.4
                0x08003d10        0xf Src/usart.o
 *fill*         0x08003d1f        0x1 
 .rodata.str1.4
                0x08003d20       0x10 Src/usb.o
                                  0xd (size before relaxing)
                0x08003d30                . = ALIGN (0x4)

.rel.dyn        0x08003d30        0x0
 .rel.iplt      0x08003d30        0x0 c:/ac6/systemworkbench/plugins/fr.ac6.mcu.externaltools.arm-none.win32_1.16.0.201807130628/tools/compiler/bin/../lib/gcc/arm-none-eabi/7.2.1/thumb/v7-m/crtbegin.o

.ARM.extab
 *(.ARM.extab* .gnu.linkonce.armextab.*)

.ARM            0x08003d30        0x0
                0x08003d30                __exidx_start = .
 *(.ARM.exidx*)
                0x08003d30                __exidx_end = .

.preinit_array  0x08003d30        0x0
                0x08003d30                PROVIDE (__preinit_array_start, .)
 *(.preinit_array*)
                0x08003d30                PROVIDE (__preinit_array_end, .)

.init_array     0x08003d30        0x4
                0x08003d30                PROVIDE (__init_array_start, .)
 *(SORT_BY_NAME(.init_array.*))
 *(.init_array*)
 .init_array    0x08003d30        0x4 c:/ac6/systemworkbench/plugins/fr.ac6.mcu.externaltools.arm-none.win32_1.16.0.201807130628/tools/compiler/bin/../lib/gcc/arm-none-eabi/7.2.1/thumb/v7-m/crtbegin.o
                0x08003d34                PROVIDE (__init_array_end, .)

.fini_array     0x08003d34        0x4
                [!provide]                PROVIDE (__fini_array_start, .)
 *(SORT_BY_NAME(.fini_array.*))
 *(.fini_array*)
 .fini_array    0x08003d34        0x4 c:/ac6/systemworkbench/plugins/fr.ac6.mcu.externaltools.arm-none.win32_1.16.0.201807130628/tools/compiler/bin/../lib/gcc/arm-none-eabi/7.2.1/thumb/v7-m/crtbegin.o
                [!provide]                PROVIDE (__fini_array_end, .)
                0x08003d38                _sidata = LOADADDR (.data)

.data           0x20000000        0xc load address 0x08003d38
                0x20000000                . = ALIGN (0x4)
                0x20000000                _sdata = .
 *(.data)
 .data          0x20000000        0x8 Drivers/STM32F1xx_HAL_Driver/Src/stm32f1xx_hal.o
                0x20000000                uwTickFreq
                0x20000004                uwTickPrio
 .data          0x20000008        0x4 Src/system_stm32f1xx.o
                0x20000008                SystemCoreClock
 *(.data*)
                0x2000000c                . = ALIGN (0x4)
                0x2000000c                _edata = .

.igot.plt       0x2000000c        0x0 load address 0x08003d44
 .igot.plt      0x2000000c        0x0 c:/ac6/systemworkbench/plugins/fr.ac6.mcu.externaltools.arm-none.win32_1.16.0.201807130628/tools/compiler/bin/../lib/gcc/arm-none-eabi/7.2.1/thumb/v7-m/crtbegin.o
                0x2000000c                . = ALIGN (0x4)

.bss            0x2000000c      0x5dc load address 0x08003d44
                0x2000000c                _sbss = .
                0x2000000c                __bss_start__ = _sbss
 *(.bss)
 .bss           0x2000000c       0x1c c:/ac6/systemworkbench/plugins/fr.ac6.mcu.externaltools.arm-none.win32_1.16.0.201807130628/tools/compiler/bin/../lib/gcc/arm-none-eabi/7.2.1/thumb/v7-m/crtbegin.o
 *(.bss*)
 *(COMMON)
 COMMON         0x20000028        0x4 Drivers/STM32F1xx_HAL_Driver/Src/stm32f1xx_hal.o
                0x20000028                uwTick
 COMMON         0x2000002c       0xdc Src/i2c.o
                0x2000002c                hdma_i2c1_tx
                0x20000070                hi2c1
                0x200000c4                hdma_i2c1_rx
 COMMON         0x20000108       0x80 Src/usart.o
                0x20000108                huart3
                0x20000148                huart1
 COMMON         0x20000188      0x460 Src/usb.o
                0x20000188                hpcd_USB_FS
                0x200005e8                . = ALIGN (0x4)
                0x200005e8                _ebss = .
                0x200005e8                __bss_end__ = _ebss

._user_heap_stack
                0x200005e8      0x600 load address 0x08003d44
                0x200005e8                . = ALIGN (0x8)
                [!provide]                PROVIDE (end, .)
                [!provide]                PROVIDE (_end, .)
                0x200007e8                . = (. + _Min_Heap_Size)
 *fill*         0x200005e8      0x200 
                0x20000be8                . = (. + _Min_Stack_Size)
 *fill*         0x200007e8      0x400 
                0x20000be8                . = ALIGN (0x8)

/DISCARD/
 libc.a(*)
 libm.a(*)
 libgcc.a(*)

.ARM.attributes
                0x00000000       0x29
 *(.ARM.attributes)
 .ARM.attributes
                0x00000000       0x1d c:/ac6/systemworkbench/plugins/fr.ac6.mcu.externaltools.arm-none.win32_1.16.0.201807130628/tools/compiler/bin/../lib/gcc/arm-none-eabi/7.2.1/thumb/v7-m/crti.o
 .ARM.attributes
                0x0000001d       0x2d c:/ac6/systemworkbench/plugins/fr.ac6.mcu.externaltools.arm-none.win32_1.16.0.201807130628/tools/compiler/bin/../lib/gcc/arm-none-eabi/7.2.1/thumb/v7-m/crtbegin.o
 .ARM.attributes
                0x0000004a       0x33 Drivers/STM32F1xx_HAL_Driver/Src/stm32f1xx_hal.o
 .ARM.attributes
                0x0000007d       0x33 Drivers/STM32F1xx_HAL_Driver/Src/stm32f1xx_hal_cortex.o
 .ARM.attributes
                0x000000b0       0x33 Drivers/STM32F1xx_HAL_Driver/Src/stm32f1xx_hal_dma.o
 .ARM.attributes
                0x000000e3       0x33 Drivers/STM32F1xx_HAL_Driver/Src/stm32f1xx_hal_gpio.o
 .ARM.attributes
                0x00000116       0x33 Drivers/STM32F1xx_HAL_Driver/Src/stm32f1xx_hal_i2c.o
 .ARM.attributes
                0x00000149       0x33 Drivers/STM32F1xx_HAL_Driver/Src/stm32f1xx_hal_pcd.o
 .ARM.attributes
                0x0000017c       0x33 Drivers/STM32F1xx_HAL_Driver/Src/stm32f1xx_hal_rcc.o
 .ARM.attributes
                0x000001af       0x33 Drivers/STM32F1xx_HAL_Driver/Src/stm32f1xx_hal_rcc_ex.o
 .ARM.attributes
                0x000001e2       0x33 Drivers/STM32F1xx_HAL_Driver/Src/stm32f1xx_hal_uart.o
 .ARM.attributes
                0x00000215       0x33 Drivers/STM32F1xx_HAL_Driver/Src/stm32f1xx_ll_usb.o
 .ARM.attributes
                0x00000248       0x33 Src/dma.o
 .ARM.attributes
                0x0000027b       0x33 Src/eeprom24xx.o
 .ARM.attributes
                0x000002ae       0x33 Src/gpio.o
 .ARM.attributes
                0x000002e1       0x33 Src/i2c-lcd.o
 .ARM.attributes
                0x00000314       0x33 Src/i2c.o
 .ARM.attributes
                0x00000347       0x33 Src/main.o
 .ARM.attributes
                0x0000037a       0x33 Src/stm32f1xx_hal_msp.o
 .ARM.attributes
                0x000003ad       0x33 Src/stm32f1xx_it.o
 .ARM.attributes
                0x000003e0       0x33 Src/system_stm32f1xx.o
 .ARM.attributes
                0x00000413       0x33 Src/usart.o
 .ARM.attributes
                0x00000446       0x33 Src/usb.o
 .ARM.attributes
                0x00000479       0x21 startup/startup_stm32f103xb.o
 .ARM.attributes
                0x0000049a       0x2d c:/ac6/systemworkbench/plugins/fr.ac6.mcu.externaltools.arm-none.win32_1.16.0.201807130628/tools/compiler/bin/../lib/gcc/arm-none-eabi/7.2.1/../../../../arm-none-eabi/lib/thumb/v7-m\libc_nano.a(lib_a-init.o)
 .ARM.attributes
                0x000004c7       0x17 c:/ac6/systemworkbench/plugins/fr.ac6.mcu.externaltools.arm-none.win32_1.16.0.201807130628/tools/compiler/bin/../lib/gcc/arm-none-eabi/7.2.1/../../../../arm-none-eabi/lib/thumb/v7-m\libc_nano.a(lib_a-strlen.o)
 .ARM.attributes
                0x000004de       0x1d c:/ac6/systemworkbench/plugins/fr.ac6.mcu.externaltools.arm-none.win32_1.16.0.201807130628/tools/compiler/bin/../lib/gcc/arm-none-eabi/7.2.1/thumb/v7-m/crtn.o
OUTPUT(test2.elf elf32-littlearm)

.debug_info     0x00000000    0x1a711
 .debug_info    0x00000000      0xfcc Drivers/STM32F1xx_HAL_Driver/Src/stm32f1xx_hal.o
 .debug_info    0x00000fcc     0x15ca Drivers/STM32F1xx_HAL_Driver/Src/stm32f1xx_hal_cortex.o
 .debug_info    0x00002596     0x117d Drivers/STM32F1xx_HAL_Driver/Src/stm32f1xx_hal_dma.o
 .debug_info    0x00003713     0x1087 Drivers/STM32F1xx_HAL_Driver/Src/stm32f1xx_hal_gpio.o
 .debug_info    0x0000479a     0x39f6 Drivers/STM32F1xx_HAL_Driver/Src/stm32f1xx_hal_i2c.o
 .debug_info    0x00008190     0x19fb Drivers/STM32F1xx_HAL_Driver/Src/stm32f1xx_hal_pcd.o
 .debug_info    0x00009b8b     0x14c9 Drivers/STM32F1xx_HAL_Driver/Src/stm32f1xx_hal_rcc.o
 .debug_info    0x0000b054      0xd06 Drivers/STM32F1xx_HAL_Driver/Src/stm32f1xx_hal_rcc_ex.o
 .debug_info    0x0000bd5a     0x20f1 Drivers/STM32F1xx_HAL_Driver/Src/stm32f1xx_hal_uart.o
 .debug_info    0x0000de4b     0x172c Drivers/STM32F1xx_HAL_Driver/Src/stm32f1xx_ll_usb.o
 .debug_info    0x0000f577      0xbc4 Src/dma.o
 .debug_info    0x0001013b      0xf7e Src/eeprom24xx.o
 .debug_info    0x000110b9      0xbf0 Src/gpio.o
 .debug_info    0x00011ca9      0xf80 Src/i2c-lcd.o
 .debug_info    0x00012c29     0x13bf Src/i2c.o
 .debug_info    0x00013fe8     0x1ec8 Src/main.o
 .debug_info    0x00015eb0      0xcec Src/stm32f1xx_hal_msp.o
 .debug_info    0x00016b9c      0xf6e Src/stm32f1xx_it.o
 .debug_info    0x00017b0a      0xc15 Src/system_stm32f1xx.o
 .debug_info    0x0001871f     0x10df Src/usart.o
 .debug_info    0x000197fe      0xef1 Src/usb.o
 .debug_info    0x0001a6ef       0x22 startup/startup_stm32f103xb.o

.debug_abbrev   0x00000000     0x388a
 .debug_abbrev  0x00000000      0x2f4 Drivers/STM32F1xx_HAL_Driver/Src/stm32f1xx_hal.o
 .debug_abbrev  0x000002f4      0x3e8 Drivers/STM32F1xx_HAL_Driver/Src/stm32f1xx_hal_cortex.o
 .debug_abbrev  0x000006dc      0x2f2 Drivers/STM32F1xx_HAL_Driver/Src/stm32f1xx_hal_dma.o
 .debug_abbrev  0x000009ce      0x2de Drivers/STM32F1xx_HAL_Driver/Src/stm32f1xx_hal_gpio.o
 .debug_abbrev  0x00000cac      0x308 Drivers/STM32F1xx_HAL_Driver/Src/stm32f1xx_hal_i2c.o
 .debug_abbrev  0x00000fb4      0x357 Drivers/STM32F1xx_HAL_Driver/Src/stm32f1xx_hal_pcd.o
 .debug_abbrev  0x0000130b      0x326 Drivers/STM32F1xx_HAL_Driver/Src/stm32f1xx_hal_rcc.o
 .debug_abbrev  0x00001631      0x2da Drivers/STM32F1xx_HAL_Driver/Src/stm32f1xx_hal_rcc_ex.o
 .debug_abbrev  0x0000190b      0x308 Drivers/STM32F1xx_HAL_Driver/Src/stm32f1xx_hal_uart.o
 .debug_abbrev  0x00001c13      0x2c3 Drivers/STM32F1xx_HAL_Driver/Src/stm32f1xx_ll_usb.o
 .debug_abbrev  0x00001ed6      0x234 Src/dma.o
 .debug_abbrev  0x0000210a      0x222 Src/eeprom24xx.o
 .debug_abbrev  0x0000232c      0x22b Src/gpio.o
 .debug_abbrev  0x00002557      0x258 Src/i2c-lcd.o
 .debug_abbrev  0x000027af      0x28c Src/i2c.o
 .debug_abbrev  0x00002a3b      0x316 Src/main.o
 .debug_abbrev  0x00002d51      0x234 Src/stm32f1xx_hal_msp.o
 .debug_abbrev  0x00002f85      0x210 Src/stm32f1xx_it.o
 .debug_abbrev  0x00003195      0x228 Src/system_stm32f1xx.o
 .debug_abbrev  0x000033bd      0x258 Src/usart.o
 .debug_abbrev  0x00003615      0x263 Src/usb.o
 .debug_abbrev  0x00003878       0x12 startup/startup_stm32f103xb.o

.debug_loc      0x00000000     0x7924
 .debug_loc     0x00000000       0xee Drivers/STM32F1xx_HAL_Driver/Src/stm32f1xx_hal.o
 .debug_loc     0x000000ee      0x707 Drivers/STM32F1xx_HAL_Driver/Src/stm32f1xx_hal_cortex.o
 .debug_loc     0x000007f5      0x6b4 Drivers/STM32F1xx_HAL_Driver/Src/stm32f1xx_hal_dma.o
 .debug_loc     0x00000ea9      0x550 Drivers/STM32F1xx_HAL_Driver/Src/stm32f1xx_hal_gpio.o
 .debug_loc     0x000013f9     0x2e08 Drivers/STM32F1xx_HAL_Driver/Src/stm32f1xx_hal_i2c.o
 .debug_loc     0x00004201      0xa56 Drivers/STM32F1xx_HAL_Driver/Src/stm32f1xx_hal_pcd.o
 .debug_loc     0x00004c57      0x585 Drivers/STM32F1xx_HAL_Driver/Src/stm32f1xx_hal_rcc.o
 .debug_loc     0x000051dc      0x2d0 Drivers/STM32F1xx_HAL_Driver/Src/stm32f1xx_hal_rcc_ex.o
 .debug_loc     0x000054ac     0x145a Drivers/STM32F1xx_HAL_Driver/Src/stm32f1xx_hal_uart.o
 .debug_loc     0x00006906      0xc0d Drivers/STM32F1xx_HAL_Driver/Src/stm32f1xx_ll_usb.o
 .debug_loc     0x00007513      0x102 Src/eeprom24xx.o
 .debug_loc     0x00007615       0xac Src/i2c-lcd.o
 .debug_loc     0x000076c1       0x89 Src/i2c.o
 .debug_loc     0x0000774a       0x55 Src/main.o
 .debug_loc     0x0000779f       0xdf Src/system_stm32f1xx.o
 .debug_loc     0x0000787e       0xa6 Src/usart.o

.debug_aranges  0x00000000      0xbb8
 .debug_aranges
                0x00000000       0xd0 Drivers/STM32F1xx_HAL_Driver/Src/stm32f1xx_hal.o
 .debug_aranges
                0x000000d0       0x90 Drivers/STM32F1xx_HAL_Driver/Src/stm32f1xx_hal_cortex.o
 .debug_aranges
                0x00000160       0x80 Drivers/STM32F1xx_HAL_Driver/Src/stm32f1xx_hal_dma.o
 .debug_aranges
                0x000001e0       0x58 Drivers/STM32F1xx_HAL_Driver/Src/stm32f1xx_hal_gpio.o
 .debug_aranges
                0x00000238      0x268 Drivers/STM32F1xx_HAL_Driver/Src/stm32f1xx_hal_i2c.o
 .debug_aranges
                0x000004a0      0x120 Drivers/STM32F1xx_HAL_Driver/Src/stm32f1xx_hal_pcd.o
 .debug_aranges
                0x000005c0       0x90 Drivers/STM32F1xx_HAL_Driver/Src/stm32f1xx_hal_rcc.o
 .debug_aranges
                0x00000650       0x30 Drivers/STM32F1xx_HAL_Driver/Src/stm32f1xx_hal_rcc_ex.o
 .debug_aranges
                0x00000680      0x1d0 Drivers/STM32F1xx_HAL_Driver/Src/stm32f1xx_hal_uart.o
 .debug_aranges
                0x00000850      0x100 Drivers/STM32F1xx_HAL_Driver/Src/stm32f1xx_ll_usb.o
 .debug_aranges
                0x00000950       0x20 Src/dma.o
 .debug_aranges
                0x00000970       0x30 Src/eeprom24xx.o
 .debug_aranges
                0x000009a0       0x20 Src/gpio.o
 .debug_aranges
                0x000009c0       0x38 Src/i2c-lcd.o
 .debug_aranges
                0x000009f8       0x30 Src/i2c.o
 .debug_aranges
                0x00000a28       0x38 Src/main.o
 .debug_aranges
                0x00000a60       0x20 Src/stm32f1xx_hal_msp.o
 .debug_aranges
                0x00000a80       0x80 Src/stm32f1xx_it.o
 .debug_aranges
                0x00000b00       0x28 Src/system_stm32f1xx.o
 .debug_aranges
                0x00000b28       0x38 Src/usart.o
 .debug_aranges
                0x00000b60       0x30 Src/usb.o
 .debug_aranges
                0x00000b90       0x28 startup/startup_stm32f103xb.o

.debug_ranges   0x00000000      0xc18
 .debug_ranges  0x00000000       0xc0 Drivers/STM32F1xx_HAL_Driver/Src/stm32f1xx_hal.o
 .debug_ranges  0x000000c0       0xe0 Drivers/STM32F1xx_HAL_Driver/Src/stm32f1xx_hal_cortex.o
 .debug_ranges  0x000001a0       0x70 Drivers/STM32F1xx_HAL_Driver/Src/stm32f1xx_hal_dma.o
 .debug_ranges  0x00000210       0x48 Drivers/STM32F1xx_HAL_Driver/Src/stm32f1xx_hal_gpio.o
 .debug_ranges  0x00000258      0x258 Drivers/STM32F1xx_HAL_Driver/Src/stm32f1xx_hal_i2c.o
 .debug_ranges  0x000004b0      0x140 Drivers/STM32F1xx_HAL_Driver/Src/stm32f1xx_hal_pcd.o
 .debug_ranges  0x000005f0       0xa0 Drivers/STM32F1xx_HAL_Driver/Src/stm32f1xx_hal_rcc.o
 .debug_ranges  0x00000690       0x38 Drivers/STM32F1xx_HAL_Driver/Src/stm32f1xx_hal_rcc_ex.o
 .debug_ranges  0x000006c8      0x1c0 Drivers/STM32F1xx_HAL_Driver/Src/stm32f1xx_hal_uart.o
 .debug_ranges  0x00000888      0x1e0 Drivers/STM32F1xx_HAL_Driver/Src/stm32f1xx_ll_usb.o
 .debug_ranges  0x00000a68       0x10 Src/dma.o
 .debug_ranges  0x00000a78       0x20 Src/eeprom24xx.o
 .debug_ranges  0x00000a98       0x10 Src/gpio.o
 .debug_ranges  0x00000aa8       0x28 Src/i2c-lcd.o
 .debug_ranges  0x00000ad0       0x20 Src/i2c.o
 .debug_ranges  0x00000af0       0x28 Src/main.o
 .debug_ranges  0x00000b18       0x10 Src/stm32f1xx_hal_msp.o
 .debug_ranges  0x00000b28       0x70 Src/stm32f1xx_it.o
 .debug_ranges  0x00000b98       0x18 Src/system_stm32f1xx.o
 .debug_ranges  0x00000bb0       0x28 Src/usart.o
 .debug_ranges  0x00000bd8       0x20 Src/usb.o
 .debug_ranges  0x00000bf8       0x20 startup/startup_stm32f103xb.o

.debug_macro    0x00000000    0x17064
 .debug_macro   0x00000000      0x331 Drivers/STM32F1xx_HAL_Driver/Src/stm32f1xx_hal.o
 .debug_macro   0x00000331      0xa60 Drivers/STM32F1xx_HAL_Driver/Src/stm32f1xx_hal.o
 .debug_macro   0x00000d91       0x52 Drivers/STM32F1xx_HAL_Driver/Src/stm32f1xx_hal.o
 .debug_macro   0x00000de3      0x17c Drivers/STM32F1xx_HAL_Driver/Src/stm32f1xx_hal.o
 .debug_macro   0x00000f5f       0x2e Drivers/STM32F1xx_HAL_Driver/Src/stm32f1xx_hal.o
 .debug_macro   0x00000f8d       0x22 Drivers/STM32F1xx_HAL_Driver/Src/stm32f1xx_hal.o
 .debug_macro   0x00000faf       0x22 Drivers/STM32F1xx_HAL_Driver/Src/stm32f1xx_hal.o
 .debug_macro   0x00000fd1       0x87 Drivers/STM32F1xx_HAL_Driver/Src/stm32f1xx_hal.o
 .debug_macro   0x00001058       0x51 Drivers/STM32F1xx_HAL_Driver/Src/stm32f1xx_hal.o
 .debug_macro   0x000010a9       0xef Drivers/STM32F1xx_HAL_Driver/Src/stm32f1xx_hal.o
 .debug_macro   0x00001198       0x6a Drivers/STM32F1xx_HAL_Driver/Src/stm32f1xx_hal.o
 .debug_macro   0x00001202      0x1df Drivers/STM32F1xx_HAL_Driver/Src/stm32f1xx_hal.o
 .debug_macro   0x000013e1       0x34 Drivers/STM32F1xx_HAL_Driver/Src/stm32f1xx_hal.o
 .debug_macro   0x00001415       0x34 Drivers/STM32F1xx_HAL_Driver/Src/stm32f1xx_hal.o
 .debug_macro   0x00001449      0xb8e Drivers/STM32F1xx_HAL_Driver/Src/stm32f1xx_hal.o
 .debug_macro   0x00001fd7     0xe90a Drivers/STM32F1xx_HAL_Driver/Src/stm32f1xx_hal.o
 .debug_macro   0x000108e1       0x43 Drivers/STM32F1xx_HAL_Driver/Src/stm32f1xx_hal.o
 .debug_macro   0x00010924       0x58 Drivers/STM32F1xx_HAL_Driver/Src/stm32f1xx_hal.o
 .debug_macro   0x0001097c       0x17 Drivers/STM32F1xx_HAL_Driver/Src/stm32f1xx_hal.o
 .debug_macro   0x00010993       0x35 Drivers/STM32F1xx_HAL_Driver/Src/stm32f1xx_hal.o
 .debug_macro   0x000109c8       0x9c Drivers/STM32F1xx_HAL_Driver/Src/stm32f1xx_hal.o
 .debug_macro   0x00010a64       0x16 Drivers/STM32F1xx_HAL_Driver/Src/stm32f1xx_hal.o
 .debug_macro   0x00010a7a       0x97 Drivers/STM32F1xx_HAL_Driver/Src/stm32f1xx_hal.o
 .debug_macro   0x00010b11      0x330 Drivers/STM32F1xx_HAL_Driver/Src/stm32f1xx_hal.o
 .debug_macro   0x00010e41       0xfd Drivers/STM32F1xx_HAL_Driver/Src/stm32f1xx_hal.o
 .debug_macro   0x00010f3e       0x10 Drivers/STM32F1xx_HAL_Driver/Src/stm32f1xx_hal.o
 .debug_macro   0x00010f4e       0x58 Drivers/STM32F1xx_HAL_Driver/Src/stm32f1xx_hal.o
 .debug_macro   0x00010fa6       0x1f Drivers/STM32F1xx_HAL_Driver/Src/stm32f1xx_hal.o
 .debug_macro   0x00010fc5       0x43 Drivers/STM32F1xx_HAL_Driver/Src/stm32f1xx_hal.o
 .debug_macro   0x00011008       0x20 Drivers/STM32F1xx_HAL_Driver/Src/stm32f1xx_hal.o
 .debug_macro   0x00011028      0x18e Drivers/STM32F1xx_HAL_Driver/Src/stm32f1xx_hal.o
 .debug_macro   0x000111b6       0x10 Drivers/STM32F1xx_HAL_Driver/Src/stm32f1xx_hal.o
 .debug_macro   0x000111c6       0x1c Drivers/STM32F1xx_HAL_Driver/Src/stm32f1xx_hal.o
 .debug_macro   0x000111e2       0x52 Drivers/STM32F1xx_HAL_Driver/Src/stm32f1xx_hal.o
 .debug_macro   0x00011234       0x40 Drivers/STM32F1xx_HAL_Driver/Src/stm32f1xx_hal.o
 .debug_macro   0x00011274       0x10 Drivers/STM32F1xx_HAL_Driver/Src/stm32f1xx_hal.o
 .debug_macro   0x00011284       0x40 Drivers/STM32F1xx_HAL_Driver/Src/stm32f1xx_hal.o
 .debug_macro   0x000112c4       0xd7 Drivers/STM32F1xx_HAL_Driver/Src/stm32f1xx_hal.o
 .debug_macro   0x0001139b       0x1c Drivers/STM32F1xx_HAL_Driver/Src/stm32f1xx_hal.o
 .debug_macro   0x000113b7       0x3d Drivers/STM32F1xx_HAL_Driver/Src/stm32f1xx_hal.o
 .debug_macro   0x000113f4       0x16 Drivers/STM32F1xx_HAL_Driver/Src/stm32f1xx_hal.o
 .debug_macro   0x0001140a      0x16f Drivers/STM32F1xx_HAL_Driver/Src/stm32f1xx_hal.o
 .debug_macro   0x00011579       0x50 Drivers/STM32F1xx_HAL_Driver/Src/stm32f1xx_hal.o
 .debug_macro   0x000115c9      0x5c2 Drivers/STM32F1xx_HAL_Driver/Src/stm32f1xx_hal.o
 .debug_macro   0x00011b8b      0x28a Drivers/STM32F1xx_HAL_Driver/Src/stm32f1xx_hal.o
 .debug_macro   0x00011e15      0x1cb Drivers/STM32F1xx_HAL_Driver/Src/stm32f1xx_hal.o
 .debug_macro   0x00011fe0      0x11e Drivers/STM32F1xx_HAL_Driver/Src/stm32f1xx_hal.o
 .debug_macro   0x000120fe      0x1b3 Drivers/STM32F1xx_HAL_Driver/Src/stm32f1xx_hal.o
 .debug_macro   0x000122b1       0x27 Drivers/STM32F1xx_HAL_Driver/Src/stm32f1xx_hal.o
 .debug_macro   0x000122d8      0x1bc Drivers/STM32F1xx_HAL_Driver/Src/stm32f1xx_hal.o
 .debug_macro   0x00012494       0x34 Drivers/STM32F1xx_HAL_Driver/Src/stm32f1xx_hal.o
 .debug_macro   0x000124c8       0x3c Drivers/STM32F1xx_HAL_Driver/Src/stm32f1xx_hal.o
 .debug_macro   0x00012504       0x57 Drivers/STM32F1xx_HAL_Driver/Src/stm32f1xx_hal.o
 .debug_macro   0x0001255b       0x8c Drivers/STM32F1xx_HAL_Driver/Src/stm32f1xx_hal.o
 .debug_macro   0x000125e7      0x242 Drivers/STM32F1xx_HAL_Driver/Src/stm32f1xx_hal.o
 .debug_macro   0x00012829      0x264 Drivers/STM32F1xx_HAL_Driver/Src/stm32f1xx_hal.o
 .debug_macro   0x00012a8d      0x143 Drivers/STM32F1xx_HAL_Driver/Src/stm32f1xx_hal.o
 .debug_macro   0x00012bd0      0x26b Drivers/STM32F1xx_HAL_Driver/Src/stm32f1xx_hal.o
 .debug_macro   0x00012e3b       0x50 Drivers/STM32F1xx_HAL_Driver/Src/stm32f1xx_hal.o
 .debug_macro   0x00012e8b      0x26c Drivers/STM32F1xx_HAL_Driver/Src/stm32f1xx_hal.o
 .debug_macro   0x000130f7       0x83 Drivers/STM32F1xx_HAL_Driver/Src/stm32f1xx_hal.o
 .debug_macro   0x0001317a      0x30d Drivers/STM32F1xx_HAL_Driver/Src/stm32f1xx_hal_cortex.o
 .debug_macro   0x00013487      0x30d Drivers/STM32F1xx_HAL_Driver/Src/stm32f1xx_hal_dma.o
 .debug_macro   0x00013794      0x37d Drivers/STM32F1xx_HAL_Driver/Src/stm32f1xx_hal_gpio.o
 .debug_macro   0x00013b11      0x34d Drivers/STM32F1xx_HAL_Driver/Src/stm32f1xx_hal_i2c.o
 .debug_macro   0x00013e5e      0x319 Drivers/STM32F1xx_HAL_Driver/Src/stm32f1xx_hal_pcd.o
 .debug_macro   0x00014177      0x31f Drivers/STM32F1xx_HAL_Driver/Src/stm32f1xx_hal_rcc.o
 .debug_macro   0x00014496      0x30d Drivers/STM32F1xx_HAL_Driver/Src/stm32f1xx_hal_rcc_ex.o
 .debug_macro   0x000147a3      0x30e Drivers/STM32F1xx_HAL_Driver/Src/stm32f1xx_hal_uart.o
 .debug_macro   0x00014ab1      0x30d Drivers/STM32F1xx_HAL_Driver/Src/stm32f1xx_ll_usb.o
 .debug_macro   0x00014dbe      0x317 Src/dma.o
 .debug_macro   0x000150d5      0x333 Src/eeprom24xx.o
 .debug_macro   0x00015408       0x22 Src/eeprom24xx.o
 .debug_macro   0x0001542a       0x1c Src/eeprom24xx.o
 .debug_macro   0x00015446      0x317 Src/gpio.o
 .debug_macro   0x0001575d      0x317 Src/i2c-lcd.o
 .debug_macro   0x00015a74      0x32b Src/i2c.o
 .debug_macro   0x00015d9f      0x356 Src/main.o
 .debug_macro   0x000160f5      0x30d Src/stm32f1xx_hal_msp.o
 .debug_macro   0x00016402      0x317 Src/stm32f1xx_it.o
 .debug_macro   0x00016719      0x313 Src/system_stm32f1xx.o
 .debug_macro   0x00016a2c      0x321 Src/usart.o
 .debug_macro   0x00016d4d      0x317 Src/usb.o

.debug_line     0x00000000     0xcc6e
 .debug_line    0x00000000      0x8b9 Drivers/STM32F1xx_HAL_Driver/Src/stm32f1xx_hal.o
 .debug_line    0x000008b9      0x90a Drivers/STM32F1xx_HAL_Driver/Src/stm32f1xx_hal_cortex.o
 .debug_line    0x000011c3      0xb3f Drivers/STM32F1xx_HAL_Driver/Src/stm32f1xx_hal_dma.o
 .debug_line    0x00001d02      0x9b3 Drivers/STM32F1xx_HAL_Driver/Src/stm32f1xx_hal_gpio.o
 .debug_line    0x000026b5     0x1a64 Drivers/STM32F1xx_HAL_Driver/Src/stm32f1xx_hal_i2c.o
 .debug_line    0x00004119      0xbdc Drivers/STM32F1xx_HAL_Driver/Src/stm32f1xx_hal_pcd.o
 .debug_line    0x00004cf5      0xb3d Drivers/STM32F1xx_HAL_Driver/Src/stm32f1xx_hal_rcc.o
 .debug_line    0x00005832      0x7ee Drivers/STM32F1xx_HAL_Driver/Src/stm32f1xx_hal_rcc_ex.o
 .debug_line    0x00006020     0x10f3 Drivers/STM32F1xx_HAL_Driver/Src/stm32f1xx_hal_uart.o
 .debug_line    0x00007113      0xb1e Drivers/STM32F1xx_HAL_Driver/Src/stm32f1xx_ll_usb.o
 .debug_line    0x00007c31      0x6e4 Src/dma.o
 .debug_line    0x00008315      0x751 Src/eeprom24xx.o
 .debug_line    0x00008a66      0x6f5 Src/gpio.o
 .debug_line    0x0000915b      0x736 Src/i2c-lcd.o
 .debug_line    0x00009891      0x750 Src/i2c.o
 .debug_line    0x00009fe1      0x7c9 Src/main.o
 .debug_line    0x0000a7aa      0x6ef Src/stm32f1xx_hal_msp.o
 .debug_line    0x0000ae99      0x7bf Src/stm32f1xx_it.o
 .debug_line    0x0000b658      0x724 Src/system_stm32f1xx.o
 .debug_line    0x0000bd7c      0x762 Src/usart.o
 .debug_line    0x0000c4de      0x713 Src/usb.o
 .debug_line    0x0000cbf1       0x7d startup/startup_stm32f103xb.o

.debug_str      0x00000000    0x7041a
 .debug_str     0x00000000    0x6d36b Drivers/STM32F1xx_HAL_Driver/Src/stm32f1xx_hal.o
                              0x6d6f8 (size before relaxing)
 .debug_str     0x0006d36b      0x2e1 Drivers/STM32F1xx_HAL_Driver/Src/stm32f1xx_hal_cortex.o
                              0x6d64d (size before relaxing)
 .debug_str     0x0006d64c      0x3e6 Drivers/STM32F1xx_HAL_Driver/Src/stm32f1xx_hal_dma.o
                              0x6d3b1 (size before relaxing)
 .debug_str     0x0006da32      0x3a5 Drivers/STM32F1xx_HAL_Driver/Src/stm32f1xx_hal_gpio.o
                              0x6d394 (size before relaxing)
 .debug_str     0x0006ddd7      0xcd6 Drivers/STM32F1xx_HAL_Driver/Src/stm32f1xx_hal_i2c.o
                              0x6decd (size before relaxing)
 .debug_str     0x0006eaad      0x7e1 Drivers/STM32F1xx_HAL_Driver/Src/stm32f1xx_hal_pcd.o
                              0x6d802 (size before relaxing)
 .debug_str     0x0006f28e      0x348 Drivers/STM32F1xx_HAL_Driver/Src/stm32f1xx_hal_rcc.o
                              0x6d3e9 (size before relaxing)
 .debug_str     0x0006f5d6      0x12b Drivers/STM32F1xx_HAL_Driver/Src/stm32f1xx_hal_rcc_ex.o
                              0x6d175 (size before relaxing)
 .debug_str     0x0006f701      0x6bf Drivers/STM32F1xx_HAL_Driver/Src/stm32f1xx_hal_uart.o
                              0x6d902 (size before relaxing)
 .debug_str     0x0006fdc0      0x154 Drivers/STM32F1xx_HAL_Driver/Src/stm32f1xx_ll_usb.o
                              0x6d4a4 (size before relaxing)
 .debug_str     0x0006ff14       0x22 Src/dma.o
                              0x6d28a (size before relaxing)
 .debug_str     0x0006ff36      0x113 Src/eeprom24xx.o
                              0x6d52b (size before relaxing)
 .debug_str     0x00070049       0x35 Src/gpio.o
                              0x6d028 (size before relaxing)
 .debug_str     0x0007007e       0x71 Src/i2c-lcd.o
                              0x6d423 (size before relaxing)
 .debug_str     0x000700ef       0x4d Src/i2c.o
                              0x6d855 (size before relaxing)
 .debug_str     0x0007013c       0xe9 Src/main.o
                              0x6df2b (size before relaxing)
 .debug_str     0x00070225       0x1b Src/stm32f1xx_hal_msp.o
                              0x6d2c7 (size before relaxing)
 .debug_str     0x00070240      0x110 Src/stm32f1xx_it.o
                              0x6d521 (size before relaxing)
 .debug_str     0x00070350       0x69 Src/system_stm32f1xx.o
                              0x6d031 (size before relaxing)
 .debug_str     0x000703b9       0x1a Src/usart.o
                              0x6d41e (size before relaxing)
 .debug_str     0x000703d3       0x17 Src/usb.o
                              0x6d307 (size before relaxing)
 .debug_str     0x000703ea       0x30 startup/startup_stm32f103xb.o
                                 0x4c (size before relaxing)

.comment        0x00000000       0x7e
 .comment       0x00000000       0x7e Drivers/STM32F1xx_HAL_Driver/Src/stm32f1xx_hal.o
                                 0x7f (size before relaxing)
 .comment       0x0000007e       0x7f Drivers/STM32F1xx_HAL_Driver/Src/stm32f1xx_hal_cortex.o
 .comment       0x0000007e       0x7f Drivers/STM32F1xx_HAL_Driver/Src/stm32f1xx_hal_dma.o
 .comment       0x0000007e       0x7f Drivers/STM32F1xx_HAL_Driver/Src/stm32f1xx_hal_gpio.o
 .comment       0x0000007e       0x7f Drivers/STM32F1xx_HAL_Driver/Src/stm32f1xx_hal_i2c.o
 .comment       0x0000007e       0x7f Drivers/STM32F1xx_HAL_Driver/Src/stm32f1xx_hal_pcd.o
 .comment       0x0000007e       0x7f Drivers/STM32F1xx_HAL_Driver/Src/stm32f1xx_hal_rcc.o
 .comment       0x0000007e       0x7f Drivers/STM32F1xx_HAL_Driver/Src/stm32f1xx_hal_rcc_ex.o
 .comment       0x0000007e       0x7f Drivers/STM32F1xx_HAL_Driver/Src/stm32f1xx_hal_uart.o
 .comment       0x0000007e       0x7f Drivers/STM32F1xx_HAL_Driver/Src/stm32f1xx_ll_usb.o
 .comment       0x0000007e       0x7f Src/dma.o
 .comment       0x0000007e       0x7f Src/eeprom24xx.o
 .comment       0x0000007e       0x7f Src/gpio.o
 .comment       0x0000007e       0x7f Src/i2c-lcd.o
 .comment       0x0000007e       0x7f Src/i2c.o
 .comment       0x0000007e       0x7f Src/main.o
 .comment       0x0000007e       0x7f Src/stm32f1xx_hal_msp.o
 .comment       0x0000007e       0x7f Src/stm32f1xx_it.o
 .comment       0x0000007e       0x7f Src/system_stm32f1xx.o
 .comment       0x0000007e       0x7f Src/usart.o
 .comment       0x0000007e       0x7f Src/usb.o

.debug_frame    0x00000000     0x1e8c
 .debug_frame   0x00000000      0x1ac Drivers/STM32F1xx_HAL_Driver/Src/stm32f1xx_hal.o
 .debug_frame   0x000001ac      0x164 Drivers/STM32F1xx_HAL_Driver/Src/stm32f1xx_hal_cortex.o
 .debug_frame   0x00000310      0x154 Drivers/STM32F1xx_HAL_Driver/Src/stm32f1xx_hal_dma.o
 .debug_frame   0x00000464       0xfc Drivers/STM32F1xx_HAL_Driver/Src/stm32f1xx_hal_gpio.o
 .debug_frame   0x00000560      0x87c Drivers/STM32F1xx_HAL_Driver/Src/stm32f1xx_hal_i2c.o
 .debug_frame   0x00000ddc      0x300 Drivers/STM32F1xx_HAL_Driver/Src/stm32f1xx_hal_pcd.o
 .debug_frame   0x000010dc      0x18c Drivers/STM32F1xx_HAL_Driver/Src/stm32f1xx_hal_rcc.o
 .debug_frame   0x00001268       0x6c Drivers/STM32F1xx_HAL_Driver/Src/stm32f1xx_hal_rcc_ex.o
 .debug_frame   0x000012d4      0x510 Drivers/STM32F1xx_HAL_Driver/Src/stm32f1xx_hal_uart.o
 .debug_frame   0x000017e4      0x23c Drivers/STM32F1xx_HAL_Driver/Src/stm32f1xx_ll_usb.o
 .debug_frame   0x00001a20       0x2c Src/dma.o
 .debug_frame   0x00001a4c       0x68 Src/eeprom24xx.o
 .debug_frame   0x00001ab4       0x38 Src/gpio.o
 .debug_frame   0x00001aec       0x78 Src/i2c-lcd.o
 .debug_frame   0x00001b64       0x64 Src/i2c.o
 .debug_frame   0x00001bc8       0x6c Src/main.o
 .debug_frame   0x00001c34       0x2c Src/stm32f1xx_hal_msp.o
 .debug_frame   0x00001c60      0x108 Src/stm32f1xx_it.o
 .debug_frame   0x00001d68       0x30 Src/system_stm32f1xx.o
 .debug_frame   0x00001d98       0x78 Src/usart.o
 .debug_frame   0x00001e10       0x50 Src/usb.o
 .debug_frame   0x00001e60       0x2c c:/ac6/systemworkbench/plugins/fr.ac6.mcu.externaltools.arm-none.win32_1.16.0.201807130628/tools/compiler/bin/../lib/gcc/arm-none-eabi/7.2.1/../../../../arm-none-eabi/lib/thumb/v7-m\libc_nano.a(lib_a-init.o)
